******************************************************************************
                  TI ARM Linker PC v16.9.7                     
******************************************************************************
>> Linked Sat Apr 28 12:30:38 2018

OUTPUT FILE NAME:   <lab5.out>
ENTRY POINT SYMBOL: "_c_int00"  address: 00006405


MEMORY CONFIGURATION

         name            origin    length      used     unused   attr    fill
----------------------  --------  ---------  --------  --------  ----  --------
  FLASH                 00000000   00100000  0000e70c  000f18f4  R  X
  SRAM                  20000000   00040000  00001d1a  0003e2e6  RW X


SEGMENT ALLOCATION MAP

run origin  load origin   length   init length attrs members
----------  ----------- ---------- ----------- ----- -------
00000000    00000000    0000e718   0000e718    r-x
  00000000    00000000    0000003c   0000003c    r-- .resetVecs
  00000040    00000040    000086ca   000086ca    r-x .text
  0000870c    0000870c    00005d9e   00005d9e    r-- .const
  0000e4b0    0000e4b0    00000268   00000268    r-- .cinit
20000000    20000000    00001d1c   00000000    rw-
  20000000    20000000    00000360   00000000    rw- .vecs
  20000360    20000360    000011bc   00000000    rw- .bss
  2000151c    2000151c    000004fe   00000000    rw- .data
  20001a1c    20001a1c    00000300   00000000    rw- .stack


SECTION ALLOCATION MAP

 output                                  attributes/
section   page    origin      length       input sections
--------  ----  ----------  ----------   ----------------
.text      0    00000040    000086ca     
                  00000040    00000430     sysbios.aem4f : BIOS.obj (.text:ti_sysbios_family_arm_m3_Hwi_excDumpRegs__I)
                  00000470    00000384     pinout.obj (.text:PinoutSet)
                  000007f4    00000370     grlib.lib : image.obj (.text:InternalImageDraw)
                  00000b64    0000034c     ti.targets.arm.rtsarm.aem4f : System.oem4f (.text:xdc_runtime_System_doPrint__I)
                  00000eb0    00000340     rtsv7M4_T_le_v4SPD16_eabi.lib : strftime.obj (.text)
                  000011f0    000002e4     grlib.lib : image.obj (.text:PixelTransparentDraw)
                  000014d4    000002dc     kentec320x240x16_ssd2119.obj (.text:Kentec320x240x16_SSD2119Init)
                  000017b0    000002c0     sysbios.aem4f : BIOS.obj (.text:ti_sysbios_knl_Semaphore_pend__E)
                  00001a70    00000278     frame.obj (.text:FrameDraw)
                  00001ce8    00000258     sysbios.aem4f : BIOS.obj (.text:ti_sysbios_heaps_HeapMem_free__E)
                  00001f40    00000256     grlib.lib : string.obj (.text:GrFontGlyphRender)
                  00002196    00000002     rtsv7M4_T_le_v4SPD16_eabi.lib : i_div0.obj (.text)
                  00002198    00000248     sysbios.aem4f : BIOS.obj (.text:ti_sysbios_heaps_HeapMem_alloc__E)
                  000023e0    0000020c     drivers_tivaware.aem4f : UARTTiva.oem4f (.text:UARTTiva_open)
                  000025ec    00000204     driverlib.lib : sysctl.obj (.text:SysCtlClockFreqSet)
                  000027f0    00000204     Boot.aem4f : Boot_sysctl.oem4f (.text:ti_catalog_arm_cortexm4_tiva_ce_Boot_sysCtlClockFreqSetI__I)
                  000029f4    00000004     driverlib.lib : lcd.obj (.text:LCDDMAConfigSet)
                  000029f8    000001fc     sysbios.aem4f : BIOS.obj (.text:ti_sysbios_family_arm_m3_Hwi_excHandlerMax__I)
                  00002bf4    000001f4     rtsv7M4_T_le_v4SPD16_eabi.lib : ull_div_t2.obj (.text)
                  00002de8    000001a4     kentec320x240x16_ssd2119.obj (.text:Kentec320x240x16_SSD2119PixelDrawMultiple)
                  00002f8c    00000004     driverlib.lib : lcd.obj (.text:LCDIDDConfigSet)
                  00002f90    00000174     sysbios.aem4f : BIOS.obj (.text:ti_sysbios_family_arm_m3_Hwi_excBusFault__I)
                  00003104    00000004     driverlib.lib : uart.obj (.text:UARTIntClear)
                  00003108    00000164     sysbios.aem4f : BIOS.obj (.text:ti_sysbios_family_arm_m3_Hwi_excUsageFault__I)
                  0000326c    00000150     drivers_tivaware.aem4f : GPIOTiva.oem4f (.text:GPIO_setConfig)
                  000033bc    00000004     empty_pem4f.oem4f (.text:ti_sysbios_BIOS_RtsGateProxy_enter__E)
                  000033c0    00000148     sysbios.aem4f : BIOS.obj (.text:ti_sysbios_family_arm_m3_Hwi_excMemFault__I)
                  00003508    0000013c                   : BIOS.obj (.text:ti_sysbios_heaps_HeapMem_Instance_init__E)
                  00003644    00000004     empty_pem4f.oem4f (.text:ti_sysbios_BIOS_RtsGateProxy_leave__E)
                  00003648    00000134     sysbios.aem4f : BIOS.obj (.text:ti_sysbios_family_arm_lm4_Timer_start__E)
                  0000377c    00000130     driverlib.lib : gpio.obj (.text:GPIOPadConfigSet)
                  000038ac    00000004     sysbios.aem4f : BIOS.obj (.text:ti_sysbios_family_arm_lm4_Timer_masterEnable__I)
                  000038b0    0000011c                   : BIOS.obj (.text:ti_sysbios_knl_Clock_Instance_init__E)
                  000039cc    00000118     ti.targets.arm.rtsarm.aem4f : Error.oem4f (.text:xdc_runtime_Error_policyDefault__E)
                  00003ae4    00000100                                 : Core-mem.oem4f (.text:xdc_runtime_Core_createObject__I)
                  00003be4    000000f8                                 : Startup.oem4f (.text:xdc_runtime_Startup_startMods__I)
                  00003cdc    000000f8     empty_pem4f.oem4f (.text:xdc_runtime_System_printfExtend__I)
                  00003dd4    000000f4     sysbios.aem4f : m3_Hwi_asm.obj (.text:ti_sysbios_family_arm_m3_Hwi_dispatch__I)
                  00003ec8    000000ec                   : BIOS.obj (.text:ti_sysbios_knl_Semaphore_post__E)
                  00003fb4    000000de     kentec320x240x16_ssd2119.obj (.text:Kentec320x240x16_SSD2119RectFill)
                  00004092    00000002     empty_pem4f.oem4f (.text:ti_sysbios_BIOS_nullFunc__I)
                  00004094    000000cc     ti.targets.arm.rtsarm.aem4f : Core-smem.oem4f (.text:xdc_runtime_Core_constructObject__I)
                  00004160    000000c4     grlib.lib : string.obj (.text:GrDefaultStringRenderer)
                  00004224    000000c4     driverlib.lib : hibernate.obj (.text:_HibernateCalendarSet)
                  000042e8    000000c4     empty.obj (.text:main)
                  000043ac    00000004     empty_pem4f.oem4f (.text:ti_sysbios_family_arm_m3_Hwi_destruct)
                  000043b0    000000bc     sysbios.aem4f : BIOS.obj (.text:ti_sysbios_family_arm_m3_Hwi_excDebugMon__I)
                  0000446c    00000004     empty_pem4f.oem4f (.text:ti_sysbios_family_arm_m3_TaskSupport_Module__startupDone__S)
                  00004470    000000bc     sysbios.aem4f : BIOS.obj (.text:ti_sysbios_family_arm_m3_Hwi_excHardFault__I)
                  0000452c    000000b8     DK_TM4C129X.obj (.text:DK_TM4C129X_initGeneral)
                  000045e4    00000004     empty_pem4f.oem4f (.text:ti_sysbios_heaps_HeapMem_Module_GateProxy_enter__E)
                  000045e8    000000b4     sysbios.aem4f : BIOS.obj (.text:ti_sysbios_gates_GateMutex_enter__E)
                  0000469c    00000004     empty_pem4f.oem4f (.text:ti_sysbios_heaps_HeapMem_Module_GateProxy_leave__E)
                  000046a0    000000b4     sysbios.aem4f : BIOS.obj (.text:ti_sysbios_knl_Task_checkStacks__E)
                  00004754    00000004     empty_pem4f.oem4f (.text:ti_sysbios_knl_Clock_TimerProxy_getCurrentTick__E)
                  00004758    000000b0     sysbios.aem4f : BIOS.obj (.text:ti_sysbios_knl_Clock_workFuncDynamic__E)
                  00004808    000000ac     drivers_tivaware.aem4f : UARTTiva.oem4f (.text:readTaskBlocking)
                  000048b4    00000004     empty_pem4f.oem4f (.text:ti_sysbios_knl_Clock_TimerProxy_getMaxTicks__E)
                  000048b8    000000ac     sysbios.aem4f : BIOS.obj (.text:ti_sysbios_family_arm_lm4_Timer_enableTiva__I)
                  00004964    00000004     empty_pem4f.oem4f (.text:ti_sysbios_knl_Clock_TimerProxy_setNextTick__E)
                  00004968    000000a8     sysbios.aem4f : BIOS.obj (.text:ti_sysbios_family_arm_lm4_Timer_enableTimers__I)
                  00004a10    000000a8                   : BIOS.obj (.text:ti_sysbios_knl_Task_postInit__I)
                  00004ab8    000000a4                   : BIOS.obj (.text:ti_sysbios_knl_Clock_Instance_finalize__E)
                  00004b5c    000000a0     auto_init.aem4f : auto_init.oem4f (.text)
                  00004bfc    000000a0     ti.targets.arm.rtsarm.aem4f : Text.oem4f (.text:xdc_runtime_Text_putMod__E)
                  00004c9c    0000009c     rtsv7M4_T_le_v4SPD16_eabi.lib : memcpy_t2.obj (.text)
                  00004d38    0000009c     sysbios.aem4f : BIOS.obj (.text:ti_sysbios_family_arm_lm4_Timer_setNextTick__E)
                  00004dd4    00000004     empty_pem4f.oem4f (.text:ti_sysbios_knl_Clock_destruct)
                  00004dd8    0000009c     sysbios.aem4f : BIOS.obj (.text:ti_sysbios_knl_Semaphore_Instance_init__E)
                  00004e74    0000009a     ti.targets.arm.rtsarm.aem4f : Text.oem4f (.text:xdc_runtime_Text_putSite__E)
                  00004f0e    00000098     drivers_tivaware.aem4f : UARTTiva.oem4f (.text:UARTTiva_readPolling)
                  00004fa6    00000002     empty_pem4f.oem4f (.text:xdc_runtime_Startup_reset__I)
                  00004fa8    00000098     empty.obj (.text:lcdWriter)
                  00005040    00000098     Boot.aem4f : Boot.oem4f (.text:ti_catalog_arm_cortexm4_tiva_ce_Boot_sysCtlClockFreqSet__E)
                  000050d8    00000094     drivers_tivaware.aem4f : UARTTiva.oem4f (.text:UARTTiva_write)
                  0000516c    00000004     empty_pem4f.oem4f (.text:ti_sysbios_knl_Queue_destruct)
                  00005170    00000094     sysbios.aem4f : BIOS.obj (.text:ti_sysbios_family_arm_m3_Hwi_Instance_init__E)
                  00005204    00000004     empty_pem4f.oem4f (.text:ti_sysbios_knl_Semaphore_destruct)
                  00005208    00000094     sysbios.aem4f : BIOS.obj (.text:ti_sysbios_family_arm_m3_Hwi_initNVIC__E)
                  0000529c    0000008c     drivers_tivaware.aem4f : GPIOTiva.oem4f (.text:GPIO_init)
                  00005328    0000008c                            : UARTTiva.oem4f (.text:UARTTiva_control)
                  000053b4    0000008c     sysbios.aem4f : m3_TaskSupport_asm.obj (.text:ti_sysbios_family_arm_m3_TaskSupport_buildTaskStack)
                  00005440    0000008a     drivers_tivaware.aem4f : UARTTiva.oem4f (.text:readIsrTextBlocking)
                  000054ca    00000006     driverlib.lib : gpio.obj (.text:GPIOIntClear)
                  000054d0    00000084     sysbios.aem4f : BIOS.obj (.text:ti_sysbios_family_arm_m3_Hwi_postInit__I)
                  00005554    00000082     drivers_tivaware.aem4f : UARTTiva.oem4f (.text:readIsrTextCallback)
                  000055d6    00000002     --HOLE-- [fill = 0]
                  000055d8    00000080     sysbios.aem4f : BIOS.obj (.text:ti_sysbios_knl_Clock_startI__E)
                  00005658    0000007a     drivers_tivaware.aem4f : UARTTiva.oem4f (.text:readTaskCallback)
                  000056d2    0000007a     rtsv7M4_T_le_v4SPD16_eabi.lib : memset_t2.obj (.text)
                  0000574c    00000004     ti.targets.arm.rtsarm.aem4f : Error.oem4f (.text:xdc_runtime_Error_getSite__E)
                  00005750    00000074     sysbios.aem4f : BIOS.obj (.text:ti_sysbios_knl_Clock_walkQueueDynamic__E)
                  000057c4    00000004     empty_pem4f.oem4f (.text:xdc_runtime_System_Module_GateProxy_enter__E)
                  000057c8    00000070     sysbios.aem4f : BIOS.obj (.text:ti_sysbios_knl_Task_exit__E)
                  00005838    0000006d     ti.targets.arm.rtsarm.aem4f : System.oem4f (.text:xdc_runtime_System_formatNum__I)
                  000058a5    00000003     --HOLE-- [fill = 0]
                  000058a8    0000006c     sysbios.aem4f : BIOS.obj (.text:ti_sysbios_knl_Swi_restoreHwi__E)
                  00005914    0000006c     drivers_tivaware.aem4f : UARTTiva.oem4f (.text:writeData)
                  00005980    0000006c     ti.targets.arm.rtsarm.aem4f : Error.oem4f (.text:xdc_runtime_Error_print__E)
                  000059ec    0000006c                                 : Memory.oem4f (.text:xdc_runtime_Memory_alloc__E)
                  00005a58    0000006b     empty.obj (.text:initUart)
                  00005ac3    00000001     --HOLE-- [fill = 0]
                  00005ac4    0000006a     grlib.lib : string.obj (.text:GrStringWidthGet)
                  00005b2e    00000002     --HOLE-- [fill = 0]
                  00005b30    00000068               : context.obj (.text:GrContextInit)
                  00005b98    00000068     driverlib.lib : hibernate.obj (.text:HibernateCalendarGet)
                  00005c00    00000068     rtsv7M4_T_le_v4SPD16_eabi.lib : copy_decompress_lzss.obj (.text:decompress:lzss)
                  00005c68    00000068                                   : trgmsg.obj (.text)
                  00005cd0    00000068     sysbios.aem4f : BIOS.obj (.text:ti_sysbios_knl_Clock_start__E)
                  00005d38    00000066     ti.targets.arm.rtsarm.aem4f : Core-mem.oem4f (.text:xdc_runtime_Core_deleteObject__I)
                  00005d9e    00000002     --HOLE-- [fill = 0]
                  00005da0    00000064     drivers_tivaware.aem4f : GPIOTiva.oem4f (.text:GPIO_hwiIntFxn)
                  00005e04    00000004     empty_pem4f.oem4f (.text:xdc_runtime_System_Module_GateProxy_leave__E)
                  00005e08    00000064     sysbios.aem4f : BIOS.obj (.text:ti_sysbios_family_arm_lm4_Timer_Module_startup__E)
                  00005e6c    00000064     empty_pem4f.oem4f (.text:ti_sysbios_family_arm_m3_Hwi_create)
                  00005ed0    00000064     sysbios.aem4f : BIOS.obj (.text:ti_sysbios_family_arm_m3_Hwi_dispatchC__I)
                  00005f34    00000062     grlib.lib : context.obj (.text:GrContextClipRegionSet)
                  00005f96    00000002     --HOLE-- [fill = 0]
                  00005f98    00000060     sysbios.aem4f : BIOS.obj (.text:ti_sysbios_family_arm_lm4_Timer_isrStub__E)
                  00005ff8    00000060                   : BIOS.obj (.text:ti_sysbios_knl_Task_schedule__I)
                  00006058    0000005e     kentec320x240x16_ssd2119.obj (.text:Kentec320x240x16_SSD2119LineDrawH)
                  000060b6    0000005e     kentec320x240x16_ssd2119.obj (.text:Kentec320x240x16_SSD2119LineDrawV)
                  00006114    0000005e     drivers_tivaware.aem4f : UARTTiva.oem4f (.text:readIsrBinaryBlocking)
                  00006172    0000005e     rtsv7M4_T_le_v4SPD16_eabi.lib : i_divt2.obj (.text)
                  000061d0    0000005c     sysbios.aem4f : BIOS.obj (.text:ti_sysbios_knl_Swi_run__I)
                  0000622c    00000004     ti.targets.arm.rtsarm.aem4f : System.oem4f (.text:xdc_runtime_System_aprintf_va__F)
                  00006230    0000005c     sysbios.aem4f : BIOS.obj (.text:ti_sysbios_knl_Swi_schedule__I)
                  0000628c    00000004     ti.targets.arm.rtsarm.aem4f : System.oem4f (.text:xdc_runtime_System_printf_va__F)
                  00006290    0000005c     sysbios.aem4f : BIOS.obj (.text:ti_sysbios_knl_Task_Module_startup__E)
                  000062ec    00000004     --HOLE-- [fill = 0]
                  000062f0    0000005c                   : BIOS.obj (.text:ti_sysbios_knl_Task_startCore__E)
                  0000634c    0000005b     ti.targets.arm.rtsarm.aem4f : Text.oem4f (.text:xdc_runtime_Text_putLab__E)
                  000063a7    00000001     --HOLE-- [fill = 0]
                  000063a8    0000005a     grlib.lib : string.obj (.text:FontWideGlyphDataGet)
                  00006402    00000002     --HOLE-- [fill = 0]
                  00006404    00000058     boot.aem4f : boot.oem4f (.text)
                  0000645c    00000058     rtsv7M4_T_le_v4SPD16_eabi.lib : hostwrite.obj (.text)
                  000064b4    00000058     empty_pem4f.oem4f (.text:ti_sysbios_family_arm_m3_Hwi_construct)
                  0000650c    00000058     sysbios.aem4f : m3_Hwi_asm_switch.obj (.text:ti_sysbios_family_arm_m3_Hwi_initStacks__E)
                  00006564    00000058     empty.obj (.text:uartPoller)
                  000065bc    00000056     driverlib.lib : gpio.obj (.text:GPIOIntTypeSet)
                  00006612    00000054     drivers_tivaware.aem4f : UARTTiva.oem4f (.text:readIsrBinaryCallback)
                  00006666    00000002     --HOLE-- [fill = 0]
                  00006668    00000054     rtsv7M4_T_le_v4SPD16_eabi.lib : exit.obj (.text)
                  000066bc    00000054     ti.targets.arm.rtsarm.aem4f : Assert.oem4f (.text:xdc_runtime_Assert_raise__I)
                  00006710    00000050     drivers_tivaware.aem4f : GPIOTiva.oem4f (.text:GPIO_setCallback)
                  00006760    00000050                            : UARTTiva.oem4f (.text:UARTTiva_writeCancel)
                  000067b0    00000050     Boot.aem4f : Boot_sysctl.oem4f (.text:_SysCtlFrequencyGet)
                  00006800    00000050     rtsv7M4_T_le_v4SPD16_eabi.lib : _tvaltostr.obj (.text)
                  00006850    00000050     sysbios.aem4f : BIOS.obj (.text:ti_sysbios_family_arm_m3_Hwi_Module_startup__E)
                  000068a0    00000050     ti.targets.arm.rtsarm.aem4f : Startup.oem4f (.text:xdc_runtime_Startup_exec__E)
                  000068f0    00000050                                 : Text.oem4f (.text:xdc_runtime_Text_visitRope2__I)
                  00006940    0000004c     drivers_tivaware.aem4f : UARTTiva.oem4f (.text:UARTTiva_close)
                  0000698c    0000004c     empty.obj (.text:drawTime)
                  000069d8    0000004c     rtsv7M4_T_le_v4SPD16_eabi.lib : cpy_tbl.obj (.text)
                  00006a24    00000004     --HOLE-- [fill = 0]
                  00006a28    0000004c     sysbios.aem4f : BIOS.obj (.text:ti_sysbios_family_arm_lm4_Timer_getCurrentTick__E)
                  00006a74    00000004     --HOLE-- [fill = 0]
                  00006a78    0000004c                   : BIOS.obj (.text:ti_sysbios_heaps_HeapMem_getStats__E)
                  00006ac4    00000004     --HOLE-- [fill = 0]
                  00006ac8    0000004c                   : BIOS.obj (.text:ti_sysbios_knl_Swi_runLoop__I)
                  00006b14    00000004     --HOLE-- [fill = 0]
                  00006b18    0000004c                   : BIOS.obj (.text:ti_sysbios_knl_Task_allBlockedFunction__I)
                  00006b64    0000004a     grlib.lib : string.obj (.text:UpdateContextCharMapping)
                  00006bae    00000002     --HOLE-- [fill = 0]
                  00006bb0    00000048     driverlib.lib : gpio.obj (.text:GPIOPinConfigure)
                  00006bf8    00000048                   : hibernate.obj (.text:HibernateClockConfig)
                  00006c40    00000048                   : sysctl.obj (.text:_SysCtlFrequencyGet)
                  00006c88    00000048     sysbios.aem4f : BIOS.obj (.text:ti_sysbios_family_arm_m3_Hwi_disableInterrupt__E)
                  00006cd0    00000048                   : BIOS.obj (.text:ti_sysbios_family_arm_m3_Hwi_enableInterrupt__E)
                  00006d18    00000048                   : BIOS.obj (.text:ti_sysbios_family_arm_m3_Hwi_excReserved__I)
                  00006d60    00000046     drivers_tivaware.aem4f : RingBuf.oem4f (.text:RingBuf_put)
                  00006da6    00000046     ti.targets.arm.rtsarm.aem4f : Core-params.oem4f (.text:xdc_runtime_Core_assignParams__I)
                  00006dec    00000004     --HOLE-- [fill = 0]
                  00006df0    00000044     sysbios.aem4f : BIOS.obj (.text:ti_sysbios_family_arm_m3_Hwi_getStackInfo__E)
                  00006e34    00000004     --HOLE-- [fill = 0]
                  00006e38    00000044                   : BIOS.obj (.text:ti_sysbios_knl_Swi_post__E)
                  00006e7c    00000044     ti.targets.arm.rtsarm.aem4f : Error.oem4f (.text:xdc_runtime_Error_setX__E)
                  00006ec0    00000044                                 : SysMin.oem4f (.text:xdc_runtime_SysMin_flush__E)
                  00006f04    00000044                                 : Text.oem4f (.text:xdc_runtime_Text_xprintf__I)
                  00006f48    00000042     driverlib.lib : uart.obj (.text:UARTConfigSetExpClk)
                  00006f8a    00000042     drivers_tivaware.aem4f : UARTTiva.oem4f (.text:UARTTiva_hwiIntFxn)
                  00006fcc    00000042                            : UARTTiva.oem4f (.text:UARTTiva_writePolling)
                  0000700e    00000040                            : RingBuf.oem4f (.text:RingBuf_get)
                  0000704e    00000040                            : UARTTiva.oem4f (.text:UARTTiva_read)
                  0000708e    00000040     rtsv7M4_T_le_v4SPD16_eabi.lib : u_divt2.obj (.text)
                  000070ce    00000002     --HOLE-- [fill = 0]
                  000070d0    00000040     sysbios.aem4f : BIOS.obj (.text:ti_sysbios_family_arm_lm4_Timer_startup__E)
                  00007110    0000003c     kentec320x240x16_ssd2119.obj (.text:Kentec320x240x16_SSD2119PixelDraw)
                  0000714c    00000004     --HOLE-- [fill = 0]
                  00007150    0000003c     sysbios.aem4f : BIOS.obj (.text:ti_sysbios_family_arm_m3_Hwi_excSvCall__I)
                  0000718c    00000004     --HOLE-- [fill = 0]
                  00007190    0000003c                   : BIOS.obj (.text:ti_sysbios_heaps_HeapMem_init__I)
                  000071cc    00000004     --HOLE-- [fill = 0]
                  000071d0    0000003c                   : BIOS.obj (.text:ti_sysbios_knl_Swi_restore__E)
                  0000720c    0000003a     grlib.lib : string.obj (.text:FontGlyphDataGet)
                  00007246    0000003a     driverlib.lib : lcd.obj (.text:LCDIDDTimingSet)
                  00007280    00000038     drivers_tivaware.aem4f : UART.oem4f (.text:UART_init)
                  000072b8    00000038     sysbios.aem4f : BIOS.obj (.text:ti_sysbios_family_arm_m3_Hwi_excNoIsr__I)
                  000072f0    00000038                   : BIOS.obj (.text:ti_sysbios_knl_Task_processVitalTaskFlag__I)
                  00007328    00000038     ti.targets.arm.rtsarm.aem4f : SysMin.oem4f (.text:xdc_runtime_SysMin_putch__E)
                  00007360    00000038                                 : System.oem4f (.text:xdc_runtime_System_atexit__E)
                  00007398    00000036     drivers_tivaware.aem4f : UARTTiva.oem4f (.text:UARTTiva_readCancel)
                  000073ce    00000036     rtsv7M4_T_le_v4SPD16_eabi.lib : strncpy.obj (.text)
                  00007404    00000034     driverlib.lib : sysctl.obj (.text:SysCtlPeripheralEnable)
                  00007438    00000034     sysbios.aem4f : BIOS.obj (.text:ti_sysbios_family_arm_m3_Hwi_Instance_finalize__E)
                  0000746c    00000004     --HOLE-- [fill = 0]
                  00007470    00000034                   : BIOS.obj (.text:ti_sysbios_family_arm_m3_Hwi_excNmi__I)
                  000074a4    00000004     --HOLE-- [fill = 0]
                  000074a8    00000034                   : BIOS.obj (.text:ti_sysbios_hal_Hwi_checkStack)
                  000074dc    00000034     empty_pem4f.oem4f (.text:ti_sysbios_knl_Clock_construct)
                  00007510    00000034     empty_pem4f.oem4f (.text:ti_sysbios_knl_Semaphore_create)
                  00007544    00000034     ti.targets.arm.rtsarm.aem4f : Core-label.oem4f (.text:xdc_runtime_Core_assignLabel__I)
                  00007578    00000033                                 : Text.oem4f (.text:xdc_runtime_Text_printVisFxn__I)
                  000075ab    00000005     --HOLE-- [fill = 0]
                  000075b0    00000032     sysbios.aem4f : BIOS.obj (.text:ti_sysbios_hal_Hwi_initStack)
                  000075e2    00000002     --HOLE-- [fill = 0]
                  000075e4    00000030     drivers_tivaware.aem4f : UART.oem4f (.text:UART_open)
                  00007614    00000030     empty_pem4f.oem4f (.text:ti_sysbios_BIOS_atExitFunc__I)
                  00007644    00000004     --HOLE-- [fill = 0]
                  00007648    00000030     sysbios.aem4f : BIOS.obj (.text:ti_sysbios_family_arm_lm4_Timer_stop__E)
                  00007678    00000030                   : BIOS.obj (.text:ti_sysbios_family_arm_m3_TaskSupport_start__E)
                  000076a8    00000030     empty_pem4f.oem4f (.text:ti_sysbios_gates_GateHwi_Object__create__S)
                  000076d8    00000030     empty_pem4f.oem4f (.text:ti_sysbios_gates_GateMutex_Object__create__S)
                  00007708    00000030     empty_pem4f.oem4f (.text:ti_sysbios_heaps_HeapMem_Object__create__S)
                  00007738    00000030     empty_pem4f.oem4f (.text:ti_sysbios_knl_Semaphore_construct)
                  00007768    00000030     sysbios.aem4f : BIOS.obj (.text:ti_sysbios_knl_Semaphore_pendTimeout__I)
                  00007798    00000030                   : BIOS.obj (.text:ti_sysbios_knl_Task_unblockI__E)
                  000077c8    00000030     ti.targets.arm.rtsarm.aem4f : SysMin.oem4f (.text:xdc_runtime_SysMin_abort__E)
                  000077f8    00000030                                 : System.oem4f (.text:xdc_runtime_System_processAtExit__E)
                  00007828    0000002e     grlib.lib : string.obj (.text:GrStringNextCharGet)
                  00007856    00000002     --HOLE-- [fill = 0]
                  00007858    0000002c     DK_TM4C129X.obj (.text:DK_TM4C129X_initUART)
                  00007884    0000002c     grlib.lib : string.obj (.text:GrFontBaselineGet)
                  000078b0    0000002c     kentec320x240x16_ssd2119.obj (.text:WriteData)
                  000078dc    0000002c     empty_pem4f.oem4f (.text:ti_sysbios_knl_Queue_construct)
                  00007908    0000002c     sysbios.aem4f : BIOS.obj (.text:ti_sysbios_knl_Task_restore__E)
                  00007934    0000002c     ti.targets.arm.rtsarm.aem4f : Text.oem4f (.text:xdc_runtime_Text_cordText__E)
                  00007960    0000002a     driverlib.lib : gpio.obj (.text:GPIODirModeSet)
                  0000798a    0000002a     ti.targets.arm.rtsarm.aem4f : System.oem4f (.text:xdc_runtime_System_putchar__I)
                  000079b4    00000028     kentec320x240x16_ssd2119.obj (.text:Kentec320x240x16_SSD2119ColorTranslate)
                  000079dc    00000028     empty.obj (.text:initHibernate)
                  00007a04    00000004     --HOLE-- [fill = 0]
                  00007a08    00000028     sysbios.aem4f : BIOS.obj (.text:ti_sysbios_knl_Swi_Module_startup__E)
                  00007a30    00000026     grlib.lib : string.obj (.text:GrFontInfoGet)
                  00007a56    00000026     sysbios.aem4f : m3_Hwi_asm.obj (.text:ti_sysbios_family_arm_m3_Hwi_pendSV__I)
                  00007a7c    00000026     ti.targets.arm.rtsarm.aem4f : System.oem4f (.text:xdc_runtime_System_avprintf__E)
                  00007aa2    00000024     empty.obj (.text:initTime)
                  00007ac6    00000002     --HOLE-- [fill = 0]
                  00007ac8    00000024     empty_pem4f.oem4f (.text:ti_sysbios_BIOS_errorRaiseHook__I)
                  00007aec    00000024     empty_pem4f.oem4f (.text:ti_sysbios_BIOS_registerRTSLock__I)
                  00007b10    00000024     empty_pem4f.oem4f (.text:ti_sysbios_BIOS_removeRTSLock__I)
                  00007b34    00000024     empty_pem4f.oem4f (.text:ti_sysbios_BIOS_startFunc__I)
                  00007b58    00000024     empty_pem4f.oem4f (.text:ti_sysbios_gates_GateMutex_Object__delete__S)
                  00007b7c    00000004     --HOLE-- [fill = 0]
                  00007b80    00000024     sysbios.aem4f : BIOS.obj (.text:ti_sysbios_knl_Clock_Module_startup__E)
                  00007ba4    00000004     --HOLE-- [fill = 0]
                  00007ba8    00000024                   : BIOS.obj (.text:ti_sysbios_knl_Task_restoreHwi__E)
                  00007bcc    00000024     ti.targets.arm.rtsarm.aem4f : System.oem4f (.text:xdc_runtime_System_vprintf__E)
                  00007bf0    00000022     grlib.lib : string.obj (.text:GrFontGlyphDataGet)
                  00007c12    00000022     driverlib.lib : lcd.obj (.text:LCDModeSet)
                  00007c34    00000004     --HOLE-- [fill = 0]
                  00007c38    00000022     sysbios.aem4f : BIOS.obj (.text:ti_sysbios_family_arm_lm4_Timer_write__I)
                  00007c5a    00000022     empty_pem4f.oem4f (.text:xdc_runtime_SysMin_output__I)
                  00007c7c    00000020     Boot.aem4f : Boot_sysctl.oem4f (.text:_SysCtlMemTimingGet)
                  00007c9c    00000020     empty_pem4f.oem4f (.text:ti_sysbios_BIOS_rtsLock__I)
                  00007cbc    00000020     sysbios.aem4f : m3_Hwi_asm.obj (.text:ti_sysbios_family_arm_m3_Hwi_excHandlerAsm__I)
                  00007cdc    00000004     --HOLE-- [fill = 0]
                  00007ce0    00000020                   : BIOS.obj (.text:ti_sysbios_family_arm_m3_Hwi_excHandler__I)
                  00007d00    00000020     empty_pem4f.oem4f (.text:ti_sysbios_gates_GateHwi_Object__delete__S)
                  00007d20    00000020     empty_pem4f.oem4f (.text:ti_sysbios_heaps_HeapMem_Object__delete__S)
                  00007d40    00000020     empty_pem4f.oem4f (.text:ti_sysbios_knl_Clock_Object__destruct__S)
                  00007d60    00000020     sysbios.aem4f : BIOS.obj (.text:ti_sysbios_knl_Idle_run__E)
                  00007d80    00000020     empty_pem4f.oem4f (.text:ti_sysbios_knl_Semaphore_Object__destruct__S)
                  00007da0    00000020     ti.targets.arm.rtsarm.aem4f : Registry.oem4f (.text:xdc_runtime_Registry_findById__E)
                  00007dc0    00000020                                 : SysMin.oem4f (.text:xdc_runtime_SysMin_Module_startup__E)
                  00007de0    0000001e     grlib.lib : string.obj (.text:GrFontCodepageGet)
                  00007dfe    0000001e     rtsv7M4_T_le_v4SPD16_eabi.lib : strcat.obj (.text)
                  00007e1c    0000001e     sysbios.aem4f : m3_Hwi_asm_switch.obj (.text:ti_sysbios_family_xxx_Hwi_switchAndRunFunc)
                  00007e3a    00000002     --HOLE-- [fill = 0]
                  00007e3c    0000001c     driverlib.lib : uart.obj (.text:UARTDisable)
                  00007e58    0000001c                   : sysctl.obj (.text:_SysCtlMemTimingGet)
                  00007e74    0000001c     drivers_tivaware.aem4f : GPIOTiva.oem4f (.text:getGpioIntIndex)
                  00007e90    0000001c     empty_pem4f.oem4f (.text:ti_sysbios_family_arm_m3_Hwi_Object__destruct__S)
                  00007eac    00000004     --HOLE-- [fill = 0]
                  00007eb0    0000001c     sysbios.aem4f : BIOS.obj (.text:ti_sysbios_gates_GateMutex_Instance_init__E)
                  00007ecc    0000001c     empty_pem4f.oem4f (.text:ti_sysbios_knl_Queue_Object__destruct__S)
                  00007ee8    0000001c     sysbios.aem4f : BIOS.obj (.text:ti_sysbios_knl_Task_enter__I)
                  00007f04    0000001c     ti.targets.arm.rtsarm.aem4f : Error.oem4f (.text:xdc_runtime_Error_raiseX__E)
                  00007f20    0000001c                                 : Memory.oem4f (.text:xdc_runtime_Memory_valloc__E)
                  00007f3c    0000001c                                 : SysMin.oem4f (.text:xdc_runtime_SysMin_exit__E)
                  00007f58    0000001c                                 : System.oem4f (.text:xdc_runtime_System_abort__E)
                  00007f74    0000001a     empty_pem4f.oem4f (.text:ti_sysbios_family_arm_m3_Hwi_Handle__label__S)
                  00007f8e    0000001a     empty_pem4f.oem4f (.text:ti_sysbios_gates_GateHwi_Handle__label__S)
                  00007fa8    0000001a     empty_pem4f.oem4f (.text:ti_sysbios_gates_GateMutex_Handle__label__S)
                  00007fc2    0000001a     empty_pem4f.oem4f (.text:ti_sysbios_heaps_HeapMem_Handle__label__S)
                  00007fdc    0000001a     empty_pem4f.oem4f (.text:ti_sysbios_knl_Swi_Handle__label__S)
                  00007ff6    0000001a     empty_pem4f.oem4f (.text:ti_sysbios_knl_Task_Handle__label__S)
                  00008010    0000001a     empty_pem4f.oem4f (.text:xdc_runtime_System_aprintf__E)
                  0000802a    0000001a     empty_pem4f.oem4f (.text:xdc_runtime_System_printf__E)
                  00008044    00000018     driverlib.lib : gpio.obj (.text:GPIOPinTypeGPIOOutput)
                  0000805c    00000018     drivers_tivaware.aem4f : UART.oem4f (.text:UART_Params_init)
                  00008074    00000018     kentec320x240x16_ssd2119.obj (.text:WriteCommand)
                  0000808c    00000018     rtsv7M4_T_le_v4SPD16_eabi.lib : args_main.obj (.text)
                  000080a4    00000018     empty_pem4f.oem4f (.text:ti_sysbios_BIOS_rtsUnlock__I)
                  000080bc    00000018     empty_pem4f.oem4f (.text:ti_sysbios_family_arm_lm4_Timer_Module__startupDone__F)
                  000080d4    00000018     empty_pem4f.oem4f (.text:ti_sysbios_family_arm_m3_Hwi_Module__startupDone__F)
                  000080ec    00000018     sysbios.aem4f : m3_TaskSupport_asm.obj (.text:ti_sysbios_family_arm_m3_TaskSupport_swap__E)
                  00008104    00000004     --HOLE-- [fill = 0]
                  00008108    00000018                   : BIOS.obj (.text:ti_sysbios_gates_GateMutex_leave__E)
                  00008120    00000018     ti.targets.arm.rtsarm.aem4f : Error.oem4f (.text:xdc_runtime_Error_check__E)
                  00008138    00000018                                 : System.oem4f (.text:xdc_runtime_System_exit__E)
                  00008150    00000018                                 : Text.oem4f (.text:xdc_runtime_Text_ropeText__E)
                  00008168    00000016     grlib.lib : string.obj (.text:GrStringDraw)
                  0000817e    00000016     empty_pem4f.oem4f (.text:ti_sysbios_BIOS_exitFunc__I)
                  00008194    00000016     empty.obj (.text:ti_sysbios_knl_Semaphore_Params_init)
                  000081aa    00000002     --HOLE-- [fill = 0]
                  000081ac    00000014     driverlib.lib : hibernate.obj (.text:HibernateEnableExpClk)
                  000081c0    00000014                   : hibernate.obj (.text:HibernateRTCEnable)
                  000081d4    00000014                   : uart.obj (.text:UARTEnable)
                  000081e8    00000014     rtsv7M4_T_le_v4SPD16_eabi.lib : _lock.obj (.text)
                  000081fc    00000014                                   : strcpy.obj (.text)
                  00008210    00000014                                   : strlen.obj (.text)
                  00008224    00000014     empty_pem4f.oem4f (.text:ti_sysbios_family_arm_m3_Hwi_Object__get__S)
                  00008238    00000014     sysbios.aem4f : BIOS.obj (.text:ti_sysbios_family_arm_m3_Hwi_switchFromBootStack__E)
                  0000824c    00000014     empty_pem4f.oem4f (.text:ti_sysbios_heaps_HeapMem_Object__get__S)
                  00008260    00000014     empty_pem4f.oem4f (.text:ti_sysbios_knl_Clock_doTick__I)
                  00008274    00000014     empty_pem4f.oem4f (.text:ti_sysbios_knl_Swi_Object__get__S)
                  00008288    00000012     driverlib.lib : gpio.obj (.text:GPIOPinTypeEthernetLED)
                  0000829a    00000012                   : gpio.obj (.text:GPIOPinTypeGPIOInput)
                  000082ac    00000012                   : gpio.obj (.text:GPIOPinTypeI2C)
                  000082be    00000012                   : gpio.obj (.text:GPIOPinTypeI2CSCL)
                  000082d0    00000012                   : gpio.obj (.text:GPIOPinTypeLCD)
                  000082e2    00000012                   : gpio.obj (.text:GPIOPinTypeSSI)
                  000082f4    00000012                   : gpio.obj (.text:GPIOPinTypeTimer)
                  00008306    00000012                   : gpio.obj (.text:GPIOPinTypeUART)
                  00008318    00000012                   : gpio.obj (.text:GPIOPinTypeUSBAnalog)
                  0000832a    00000012                   : gpio.obj (.text:GPIOPinTypeUSBDigital)
                  0000833c    00000012     drivers_tivaware.aem4f : RingBuf.oem4f (.text:RingBuf_construct)
                  0000834e    00000002     --HOLE-- [fill = 0]
                  00008350    00000012     sysbios.aem4f : BIOS.obj (.text:ti_sysbios_hal_Hwi_Module_startup__E)
                  00008362    00000012     empty_pem4f.oem4f (.text:xdc_runtime_Startup_exec__I)
                  00008374    00000010     empty_pem4f.oem4f (.text:.bootCodeSection:ti_catalog_arm_cortexm4_tiva_ce_Boot_init__I)
                  00008384    00000010     driverlib.lib : hibernate.obj (.text:HibernateCalendarSet)
                  00008394    00000010                   : hibernate.obj (.text:_HibernateWriteComplete)
                  000083a4    00000010     drivers_tivaware.aem4f : UARTTiva.oem4f (.text:readBlockingTimeout)
                  000083b4    00000004     --HOLE-- [fill = 0]
                  000083b8    00000010     sysbios.aem4f : BIOS.obj (.text:ti_sysbios_BIOS_getCpuFreq__E)
                  000083c8    00000010                   : BIOS.obj (.text:ti_sysbios_BIOS_setThreadType__E)
                  000083d8    00000010                   : BIOS.obj (.text:ti_sysbios_BIOS_start__E)
                  000083e8    00000010                   : m3_TaskSupport_asm.obj (.text:ti_sysbios_family_arm_m3_TaskSupport_glue)
                  000083f8    00000010                   : BIOS.obj (.text:ti_sysbios_gates_GateMutex_Instance_finalize__E)
                  00008408    00000010                   : BIOS.obj (.text:ti_sysbios_knl_Semaphore_Instance_finalize__E)
                  00008418    00000010                   : BIOS.obj (.text:ti_sysbios_knl_Swi_disable__E)
                  00008428    00000010     empty_pem4f.oem4f (.text:ti_sysbios_knl_Task_Object__get__S)
                  00008438    00000010     sysbios.aem4f : BIOS.obj (.text:ti_sysbios_knl_Task_disable__E)
                  00008448    00000010     ti.targets.arm.rtsarm.aem4f : Gate.oem4f (.text:xdc_runtime_Gate_leaveSystem__E)
                  00008458    00000010                                 : Memory.oem4f (.text:xdc_runtime_Memory_free__E)
                  00008468    00000010                                 : SysMin.oem4f (.text:xdc_runtime_SysMin_ready__E)
                  00008478    00000010                                 : System.oem4f (.text:xdc_runtime_System_vsnprintf__E)
                  00008488    00000010     empty_pem4f.oem4f (.text:xdc_runtime_Text_visitRope__I)
                  00008498    0000000e     driverlib.lib : gpio.obj (.text:GPIOIntStatus)
                  000084a6    0000000e     grlib.lib : image.obj (.text:GrImageDraw)
                  000084b4    0000000e     driverlib.lib : uart.obj (.text:UARTCharGetNonBlocking)
                  000084c2    0000000e                   : uart.obj (.text:UARTCharPutNonBlocking)
                  000084d0    0000000e     rtsv7M4_T_le_v4SPD16_eabi.lib : copy_decompress_none.obj (.text:decompress:none)
                  000084de    00000002     --HOLE-- [fill = 0]
                  000084e0    0000000e     sysbios.aem4f : BIOS.obj (.text:ti_sysbios_knl_Idle_loop__E)
                  000084ee    00000002     --HOLE-- [fill = 0]
                  000084f0    0000000c     driverlib.lib : hibernate.obj (.text:HibernateCounterMode)
                  000084fc    0000000c                   : lcd.obj (.text:LCDIDDCommandWrite)
                  00008508    0000000c                   : lcd.obj (.text:LCDIDDDataWrite)
                  00008514    0000000c     drivers_tivaware.aem4f : RingBuf.oem4f (.text:RingBuf_peek)
                  00008520    0000000c     driverlib.lib : uart.obj (.text:UARTFlowControlSet)
                  0000852c    0000000c     drivers_tivaware.aem4f : UARTTiva.oem4f (.text:UARTTiva_init)
                  00008538    0000000c     rtsv7M4_T_le_v4SPD16_eabi.lib : copy_zero_init.obj (.text:decompress:ZI)
                  00008544    00000004     --HOLE-- [fill = 0]
                  00008548    0000000c     sysbios.aem4f : BIOS.obj (.text:ti_sysbios_family_arm_lm4_Timer_getMaxTicks__E)
                  00008554    0000000c     empty_pem4f.oem4f (.text:ti_sysbios_family_arm_m3_Hwi_Params__init__S)
                  00008560    0000000c     sysbios.aem4f : BIOS.obj (.text:ti_sysbios_family_arm_m3_Hwi_disableFxn__E)
                  0000856c    00000004     --HOLE-- [fill = 0]
                  00008570    0000000c                   : BIOS.obj (.text:ti_sysbios_family_arm_m3_TaskSupport_checkStack__E)
                  0000857c    00000004     --HOLE-- [fill = 0]
                  00008580    0000000c                   : BIOS.obj (.text:ti_sysbios_gates_GateHwi_enter__E)
                  0000858c    0000000c     empty_pem4f.oem4f (.text:ti_sysbios_knl_Clock_Params__init__S)
                  00008598    0000000c     empty_pem4f.oem4f (.text:ti_sysbios_knl_Queue_Object__get__S)
                  000085a4    0000000c     empty_pem4f.oem4f (.text:ti_sysbios_knl_Semaphore_Params__init__S)
                  000085b0    0000000c     ti.targets.arm.rtsarm.aem4f : Error.oem4f (.text:xdc_runtime_Error_init__E)
                  000085bc    0000000c                                 : Gate.oem4f (.text:xdc_runtime_Gate_enterSystem__E)
                  000085c8    0000000c                                 : Memory.oem4f (.text:xdc_runtime_Memory_calloc__E)
                  000085d4    0000000c                                 : Memory.oem4f (.text:xdc_runtime_Memory_getMaxDefaultTypeAlign__E)
                  000085e0    0000000a     kentec320x240x16_ssd2119.obj (.text:Kentec320x240x16_SSD2119Flush)
                  000085ea    0000000a     driverlib.lib : uart.obj (.text:UARTCharGet)
                  000085f4    0000000a                   : uart.obj (.text:UARTCharPut)
                  000085fe    0000000a                   : uart.obj (.text:UARTIntDisable)
                  00008608    0000000a                   : uart.obj (.text:UARTIntStatus)
                  00008612    0000000a     drivers_tivaware.aem4f : UART.oem4f (.text:UART_read)
                  0000861c    0000000a                            : UART.oem4f (.text:UART_write)
                  00008626    0000000a     empty_pem4f.oem4f (.text:xdc_runtime_IHeap_alloc)
                  00008630    0000000a     empty_pem4f.oem4f (.text:xdc_runtime_IHeap_free)
                  0000863a    00000008     DK_TM4C129X.obj (.text:DK_TM4C129X_initGPIO)
                  00008642    00000008     grlib.lib : charmap.obj (.text:GrMapISO8859_1_Unicode)
                  0000864a    00000008     driverlib.lib : uart.obj (.text:UARTIntEnable)
                  00008652    00000008                   : uart.obj (.text:UARTRxErrorGet)
                  0000865a    00000008     drivers_tivaware.aem4f : UARTTiva.oem4f (.text:readSemCallback)
                  00008662    00000008     sysbios.aem4f : BIOS.obj (.text:ti_sysbios_family_arm_lm4_Timer_masterDisable__I)
                  0000866a    00000006     driverlib.lib : gpio.obj (.text:GPIOPinWrite)
                  00008670    00000008     sysbios.aem4f : BIOS.obj (.text:ti_sysbios_family_arm_m3_Hwi_doSwiRestore__I)
                  00008678    00000008                   : BIOS.obj (.text:ti_sysbios_family_arm_m3_Hwi_startup__E)
                  00008680    00000008     empty.obj (.text:updateTime)
                  00008688    00000008     drivers_tivaware.aem4f : UARTTiva.oem4f (.text:writeSemCallback)
                  00008690    00000006     grlib.lib : string.obj (.text:GrContextFontSet)
                  00008696    00000006     driverlib.lib : sysctl.obj (.text:SysCtlDelay)
                  0000869c    00000006                   : uart.obj (.text:UARTFIFOLevelSet)
                  000086a2    00000006                   : uart.obj (.text:UARTRxErrorClear)
                  000086a8    00000006     sysbios.aem4f : BIOS.obj (.text:ti_sysbios_family_arm_m3_Hwi_doTaskRestore__I)
                  000086ae    00000002     --HOLE-- [fill = 0]
                  000086b0    00000006                   : BIOS.obj (.text:ti_sysbios_family_arm_m3_Hwi_restoreFxn__E)
                  000086b6    00000002     --HOLE-- [fill = 0]
                  000086b8    00000006                   : BIOS.obj (.text:ti_sysbios_gates_GateHwi_leave__E)
                  000086be    00000002     --HOLE-- [fill = 0]
                  000086c0    00000006                   : BIOS.obj (.text:ti_sysbios_heaps_HeapMem_isBlocking__E)
                  000086c6    00000002     --HOLE-- [fill = 0]
                  000086c8    00000006                   : BIOS.obj (.text:ti_sysbios_knl_Clock_stop__E)
                  000086ce    00000002     --HOLE-- [fill = 0]
                  000086d0    00000006                   : BIOS.obj (.text:ti_sysbios_knl_Queue_Instance_init__E)
                  000086d6    00000002     --HOLE-- [fill = 0]
                  000086d8    00000006                   : BIOS.obj (.text:ti_sysbios_knl_Swi_startup__E)
                  000086de    00000006     ti.targets.arm.rtsarm.aem4f : System.oem4f (.text:xdc_runtime_System_Module_startup__E)
                  000086e4    00000004     --HOLE-- [fill = 0]
                  000086e8    00000004     sysbios.aem4f : BIOS.obj (.text:ti_sysbios_gates_GateHwi_query__E)
                  000086ec    00000004     --HOLE-- [fill = 0]
                  000086f0    00000004                   : BIOS.obj (.text:ti_sysbios_gates_GateMutex_query__E)
                  000086f4    00000004     --HOLE-- [fill = 0]
                  000086f8    00000004                   : BIOS.obj (.text:ti_sysbios_knl_Task_startup__E)
                  000086fc    00000004     --HOLE-- [fill = 0]
                  00008700    00000002                   : BIOS.obj (.text:ti_sysbios_gates_GateHwi_Instance_init__E)
                  00008702    00000006     --HOLE-- [fill = 0]
                  00008708    00000002                   : BIOS.obj (.text:ti_sysbios_knl_Clock_logTick__E)

.const     0    0000870c    00005d9e     
                  0000870c    00001a46     frame.obj (.const:.string:g_pui8Top)
                  0000a152    00001874     empty_pem4f.oem4f (.const:xdc_runtime_Text_charTab__A)
                  0000b9c6    00000786     frame.obj (.const:.string:g_pui8Bottom)
                  0000c14c    00000782     grlib.lib : fontcmss18b.obj (.const:.string:g_pui8Cmss18bData)
                  0000c8ce    00000546     frame.obj (.const:.string:g_pui8Left)
                  0000ce14    00000546     frame.obj (.const:.string:g_pui8Right)
                  0000d35a    0000017c     frame.obj (.const:.string:g_pui8TopLeft)
                  0000d4d6    00000173     frame.obj (.const:.string:g_pui8TopRight)
                  0000d649    00000001     empty_pem4f.oem4f (.const:xdc_runtime_Error_policy__C)
                  0000d64a    00000002     empty_pem4f.oem4f (.const:ti_catalog_arm_cortexm4_tiva_ce_Boot_Module__id__C)
                  0000d64c    00000120     Boot.aem4f : Boot_sysctl.oem4f (.const:g_pppui32XTALtoVCO)
                  0000d76c    00000120     driverlib.lib : sysctl.obj (.const:g_pppui32XTALtoVCO)
                  0000d88c    000000d0     frame.obj (.const:.string:g_pui8BottomLeft)
                  0000d95c    000000c8     grlib.lib : fontcmss18b.obj (.const:g_sFontCmss18b)
                  0000da24    000000c4     frame.obj (.const:.string:g_pui8BottomRight)
                  0000dae8    000000bc     empty_pem4f.oem4f (.const:xdc_runtime_Text_nodeTab__A)
                  0000dba4    000000ae     rtsv7M4_T_le_v4SPD16_eabi.lib : strftime.obj (.const:.string)
                  0000dc52    00000002     empty_pem4f.oem4f (.const:ti_sysbios_family_arm_m3_Hwi_Module__id__C)
                  0000dc54    00000090     driverlib.lib : gpio.obj (.const:g_pui32GPIOBaseAddrs)
                  0000dce4    0000006c     Boot.aem4f : Boot_sysctl.oem4f (.const:g_pui32Xtals)
                  0000dd50    0000006c     driverlib.lib : sysctl.obj (.const:g_pui32Xtals)
                  0000ddbc    00000054     drivers_tivaware.aem4f : GPIOTiva.oem4f (.const:.string)
                  0000de10    0000004c     rtsv7M4_T_le_v4SPD16_eabi.lib : strftime.obj (.const:$O1$$)
                  0000de5c    0000004c     drivers_tivaware.aem4f : UARTTiva.oem4f (.const)
                  0000dea8    00000048     empty_pem4f.oem4f (.const:.string)
                  0000def0    00000048     drivers_tivaware.aem4f : GPIOTiva.oem4f (.const:gpioBaseAddresses)
                  0000df38    00000030     Boot.aem4f : Boot_sysctl.oem4f (.const:g_sXTALtoMEMTIM)
                  0000df68    00000030     driverlib.lib : sysctl.obj (.const:g_sXTALtoMEMTIM)
                  0000df98    00000030     empty_pem4f.oem4f (.const:ti_sysbios_family_arm_m3_Hwi_Object__PARAMS__C)
                  0000dfc8    00000028     drivers_tivaware.aem4f : UARTTiva.oem4f (.const:UARTTiva_fxnTable)
                  0000dff0    00000028     kentec320x240x16_ssd2119.obj (.const:g_sKentec320x240x16_SSD2119)
                  0000e018    00000028     empty_pem4f.oem4f (.const:ti_sysbios_heaps_HeapMem_Module__FXNS__C)
                  0000e040    00000024     drivers_tivaware.aem4f : UART.oem4f (.const:UART_defaultParams)
                  0000e064    00000024     empty_pem4f.oem4f (.const:ti_sysbios_gates_GateHwi_Module__FXNS__C)
                  0000e088    00000024     empty_pem4f.oem4f (.const:ti_sysbios_gates_GateMutex_Module__FXNS__C)
                  0000e0ac    00000024     empty_pem4f.oem4f (.const:ti_sysbios_heaps_HeapMem_Object__PARAMS__C)
                  0000e0d0    00000024     empty_pem4f.oem4f (.const:ti_sysbios_knl_Clock_Object__PARAMS__C)
                  0000e0f4    00000024     empty_pem4f.oem4f (.const:ti_sysbios_knl_Semaphore_Object__PARAMS__C)
                  0000e118    00000020     empty_pem4f.oem4f (.const:ti_sysbios_family_arm_m3_Hwi_Object__DESC__C)
                  0000e138    00000020     empty_pem4f.oem4f (.const:ti_sysbios_gates_GateHwi_Object__DESC__C)
                  0000e158    00000020     empty_pem4f.oem4f (.const:ti_sysbios_gates_GateMutex_Object__DESC__C)
                  0000e178    00000020     empty_pem4f.oem4f (.const:ti_sysbios_heaps_HeapMem_Object__DESC__C)
                  0000e198    00000020     empty_pem4f.oem4f (.const:ti_sysbios_knl_Clock_Object__DESC__C)
                  0000e1b8    00000020     empty_pem4f.oem4f (.const:ti_sysbios_knl_Queue_Object__DESC__C)
                  0000e1d8    00000020     empty_pem4f.oem4f (.const:ti_sysbios_knl_Semaphore_Object__DESC__C)
                  0000e1f8    00000020     empty_pem4f.oem4f (.const:xdc_runtime_Startup_sfxnTab__A)
                  0000e218    00000018     DK_TM4C129X.obj (.const:UART_config)
                  0000e230    00000018     empty_pem4f.oem4f (.const:ti_sysbios_gates_GateHwi_Object__PARAMS__C)
                  0000e248    00000018     empty_pem4f.oem4f (.const:ti_sysbios_gates_GateMutex_Object__PARAMS__C)
                  0000e260    00000018     empty_pem4f.oem4f (.const:ti_sysbios_knl_Queue_Object__PARAMS__C)
                  0000e278    00000018     DK_TM4C129X.obj (.const:uartTivaHWAttrs)
                  0000e290    00000014     DK_TM4C129X.obj (.const:GPIOTiva_config)
                  0000e2a4    00000014     empty_pem4f.oem4f (.const:xdc_runtime_Startup_firstFxns__A)
                  0000e2b8    00000010     grlib.lib : context.obj (.const)
                  0000e2c8    00000010     empty_pem4f.oem4f (.const:xdc_runtime_Startup_sfxnRts__A)
                  0000e2d8    00000008     Boot.aem4f : Boot_sysctl.oem4f (.const)
                  0000e2e0    00000008     driverlib.lib : sysctl.obj (.const)
                  0000e2e8    00000008     empty_pem4f.oem4f (.const:ti_sysbios_family_arm_m3_Hwi_excHookFuncs__A)
                  0000e2f0    00000008     empty_pem4f.oem4f (.const:ti_sysbios_knl_Idle_funcList__C)
                  0000e2f8    00000008     empty_pem4f.oem4f (.const:xdc_runtime_Startup_firstFxns__C)
                  0000e300    00000008     empty_pem4f.oem4f (.const:xdc_runtime_Startup_lastFxns__C)
                  0000e308    00000004     empty_pem4f.oem4f (.const:ti_catalog_arm_cortexm4_tiva_ce_Boot_A_mustNotUseEnhancedClockMode__C)
                  0000e30c    00000004     empty_pem4f.oem4f (.const:ti_catalog_arm_cortexm4_tiva_ce_Boot_Module__diagsEnabled__C)
                  0000e310    00000004     empty_pem4f.oem4f (.const:ti_catalog_arm_cortexm4_tiva_ce_Boot_Module__diagsIncluded__C)
                  0000e314    00000004     empty_pem4f.oem4f (.const:ti_catalog_arm_cortexm4_tiva_ce_Boot_Module__diagsMask__C)
                  0000e318    00000004     empty_pem4f.oem4f (.const:ti_sysbios_family_arm_lm4_Timer_enableFunc__C)
                  0000e31c    00000004     empty_pem4f.oem4f (.const:ti_sysbios_family_arm_lm4_Timer_numTimerDevices__C)
                  0000e320    00000004     empty_pem4f.oem4f (.const:ti_sysbios_family_arm_lm4_Timer_startupNeeded__C)
                  0000e324    00000004     empty_pem4f.oem4f (.const:ti_sysbios_family_arm_m3_Hwi_E_NMI__C)
                  0000e328    00000004     empty_pem4f.oem4f (.const:ti_sysbios_family_arm_m3_Hwi_E_alreadyDefined__C)
                  0000e32c    00000004     empty_pem4f.oem4f (.const:ti_sysbios_family_arm_m3_Hwi_E_busFault__C)
                  0000e330    00000004     empty_pem4f.oem4f (.const:ti_sysbios_family_arm_m3_Hwi_E_debugMon__C)
                  0000e334    00000004     empty_pem4f.oem4f (.const:ti_sysbios_family_arm_m3_Hwi_E_hardFault__C)
                  0000e338    00000004     empty_pem4f.oem4f (.const:ti_sysbios_family_arm_m3_Hwi_E_memFault__C)
                  0000e33c    00000004     empty_pem4f.oem4f (.const:ti_sysbios_family_arm_m3_Hwi_E_noIsr__C)
                  0000e340    00000004     empty_pem4f.oem4f (.const:ti_sysbios_family_arm_m3_Hwi_E_reserved__C)
                  0000e344    00000004     empty_pem4f.oem4f (.const:ti_sysbios_family_arm_m3_Hwi_E_svCall__C)
                  0000e348    00000004     empty_pem4f.oem4f (.const:ti_sysbios_family_arm_m3_Hwi_E_usageFault__C)
                  0000e34c    00000004     empty_pem4f.oem4f (.const:ti_sysbios_family_arm_m3_Hwi_NUM_INTERRUPTS__C)
                  0000e350    00000004     empty_pem4f.oem4f (.const:ti_sysbios_family_arm_m3_Hwi_Object__count__C)
                  0000e354    00000004     empty_pem4f.oem4f (.const:ti_sysbios_family_arm_m3_Hwi_ccr__C)
                  0000e358    00000004     empty_pem4f.oem4f (.const:ti_sysbios_family_arm_m3_Hwi_excHandlerFunc__C)
                  0000e35c    00000004     empty_pem4f.oem4f (.const:ti_sysbios_family_arm_m3_Hwi_excHookFuncs__C)
                  0000e360    00000004     empty_pem4f.oem4f (.const:ti_sysbios_family_arm_m3_Hwi_nullIsrFunc__C)
                  0000e364    00000004     empty_pem4f.oem4f (.const:ti_sysbios_family_arm_m3_Hwi_priGroup__C)
                  0000e368    00000004     empty_pem4f.oem4f (.const:ti_sysbios_gates_GateMutex_A_badContext__C)
                  0000e36c    00000004     empty_pem4f.oem4f (.const:ti_sysbios_gates_GateMutex_Instance_State_sem__O)
                  0000e370    00000004     empty_pem4f.oem4f (.const:ti_sysbios_gates_GateMutex_Module__diagsEnabled__C)
                  0000e374    00000004     empty_pem4f.oem4f (.const:ti_sysbios_gates_GateMutex_Module__diagsIncluded__C)
                  0000e378    00000004     empty_pem4f.oem4f (.const:ti_sysbios_gates_GateMutex_Module__diagsMask__C)
                  0000e37c    00000004     empty_pem4f.oem4f (.const:ti_sysbios_hal_Hwi_E_stackOverflow__C)
                  0000e380    00000004     empty_pem4f.oem4f (.const:ti_sysbios_heaps_HeapMem_A_align__C)
                  0000e384    00000004     empty_pem4f.oem4f (.const:ti_sysbios_heaps_HeapMem_A_heapSize__C)
                  0000e388    00000004     empty_pem4f.oem4f (.const:ti_sysbios_heaps_HeapMem_A_invalidFree__C)
                  0000e38c    00000004     empty_pem4f.oem4f (.const:ti_sysbios_heaps_HeapMem_A_zeroBlock__C)
                  0000e390    00000004     empty_pem4f.oem4f (.const:ti_sysbios_heaps_HeapMem_E_memory__C)
                  0000e394    00000004     empty_pem4f.oem4f (.const:ti_sysbios_heaps_HeapMem_Module__diagsEnabled__C)
                  0000e398    00000004     empty_pem4f.oem4f (.const:ti_sysbios_heaps_HeapMem_Module__diagsIncluded__C)
                  0000e39c    00000004     empty_pem4f.oem4f (.const:ti_sysbios_heaps_HeapMem_Module__diagsMask__C)
                  0000e3a0    00000004     empty_pem4f.oem4f (.const:ti_sysbios_heaps_HeapMem_Module__gateObj__C)
                  0000e3a4    00000004     empty_pem4f.oem4f (.const:ti_sysbios_heaps_HeapMem_Object__count__C)
                  0000e3a8    00000004     empty_pem4f.oem4f (.const:ti_sysbios_heaps_HeapMem_reqAlign__C)
                  0000e3ac    00000004     empty_pem4f.oem4f (.const:ti_sysbios_knl_Clock_A_badThreadType__C)
                  0000e3b0    00000004     empty_pem4f.oem4f (.const:ti_sysbios_knl_Clock_Module_State_clockQ__O)
                  0000e3b4    00000004     empty_pem4f.oem4f (.const:ti_sysbios_knl_Clock_Module__diagsEnabled__C)
                  0000e3b8    00000004     empty_pem4f.oem4f (.const:ti_sysbios_knl_Clock_Module__diagsIncluded__C)
                  0000e3bc    00000004     empty_pem4f.oem4f (.const:ti_sysbios_knl_Clock_Module__diagsMask__C)
                  0000e3c0    00000004     empty_pem4f.oem4f (.const:ti_sysbios_knl_Idle_funcList__A)
                  0000e3c4    00000004     empty_pem4f.oem4f (.const:ti_sysbios_knl_Semaphore_A_badContext__C)
                  0000e3c8    00000004     empty_pem4f.oem4f (.const:ti_sysbios_knl_Semaphore_A_noEvents__C)
                  0000e3cc    00000004     empty_pem4f.oem4f (.const:ti_sysbios_knl_Semaphore_A_overflow__C)
                  0000e3d0    00000004     empty_pem4f.oem4f (.const:ti_sysbios_knl_Semaphore_A_pendTaskDisabled__C)
                  0000e3d4    00000004     empty_pem4f.oem4f (.const:ti_sysbios_knl_Semaphore_Instance_State_pendQ__O)
                  0000e3d8    00000004     empty_pem4f.oem4f (.const:ti_sysbios_knl_Semaphore_Module__diagsEnabled__C)
                  0000e3dc    00000004     empty_pem4f.oem4f (.const:ti_sysbios_knl_Semaphore_Module__diagsIncluded__C)
                  0000e3e0    00000004     empty_pem4f.oem4f (.const:ti_sysbios_knl_Semaphore_Module__diagsMask__C)
                  0000e3e4    00000004     empty_pem4f.oem4f (.const:ti_sysbios_knl_Swi_Object__count__C)
                  0000e3e8    00000004     empty_pem4f.oem4f (.const:ti_sysbios_knl_Task_E_spOutOfBounds__C)
                  0000e3ec    00000004     empty_pem4f.oem4f (.const:ti_sysbios_knl_Task_E_stackOverflow__C)
                  0000e3f0    00000004     empty_pem4f.oem4f (.const:ti_sysbios_knl_Task_Module_State_inactiveQ__O)
                  0000e3f4    00000004     empty_pem4f.oem4f (.const:ti_sysbios_knl_Task_Object__count__C)
                  0000e3f8    00000004     empty_pem4f.oem4f (.const:ti_sysbios_knl_Task_allBlockedFunc__C)
                  0000e3fc    00000004     empty_pem4f.oem4f (.const:ti_sysbios_knl_Task_numConstructedTasks__C)
                  0000e400    00000004     empty_pem4f.oem4f (.const:xdc_runtime_Assert_E_assertFailed__C)
                  0000e404    00000004     empty_pem4f.oem4f (.const:xdc_runtime_Core_A_initializedParams__C)
                  0000e408    00000004     empty_pem4f.oem4f (.const:xdc_runtime_Core_Module__diagsEnabled__C)
                  0000e40c    00000004     empty_pem4f.oem4f (.const:xdc_runtime_Core_Module__diagsIncluded__C)
                  0000e410    00000004     empty_pem4f.oem4f (.const:xdc_runtime_Core_Module__diagsMask__C)
                  0000e414    00000004     empty_pem4f.oem4f (.const:xdc_runtime_Error_E_memory__C)
                  0000e418    00000004     empty_pem4f.oem4f (.const:xdc_runtime_Error_Module__diagsEnabled__C)
                  0000e41c    00000004     empty_pem4f.oem4f (.const:xdc_runtime_Error_Module__diagsIncluded__C)
                  0000e420    00000004     empty_pem4f.oem4f (.const:xdc_runtime_Error_Module__diagsMask__C)
                  0000e424    00000004     empty_pem4f.oem4f (.const:xdc_runtime_Error_Module__loggerFxn8__C)
                  0000e428    00000004     empty_pem4f.oem4f (.const:xdc_runtime_Error_Module__loggerObj__C)
                  0000e42c    00000004     empty_pem4f.oem4f (.const:xdc_runtime_Error_policyFxn__C)
                  0000e430    00000004     empty_pem4f.oem4f (.const:xdc_runtime_Error_raiseHook__C)
                  0000e434    00000004     empty_pem4f.oem4f (.const:xdc_runtime_IGateProvider_Interface__BASE__C)
                  0000e438    00000004     empty_pem4f.oem4f (.const:xdc_runtime_IHeap_Interface__BASE__C)
                  0000e43c    00000004     empty_pem4f.oem4f (.const:xdc_runtime_IModule_Interface__BASE__C)
                  0000e440    00000004     empty_pem4f.oem4f (.const:xdc_runtime_Log_L_error__C)
                  0000e444    00000004     empty_pem4f.oem4f (.const:xdc_runtime_Memory_defaultHeapInstance__C)
                  0000e448    00000004     empty_pem4f.oem4f (.const:xdc_runtime_Startup_execImpl__C)
                  0000e44c    00000004     empty_pem4f.oem4f (.const:xdc_runtime_Startup_maxPasses__C)
                  0000e450    00000004     empty_pem4f.oem4f (.const:xdc_runtime_Startup_sfxnRts__C)
                  0000e454    00000004     empty_pem4f.oem4f (.const:xdc_runtime_Startup_sfxnTab__C)
                  0000e458    00000004     empty_pem4f.oem4f (.const:xdc_runtime_SysMin_bufSize__C)
                  0000e45c    00000004     empty_pem4f.oem4f (.const:xdc_runtime_SysMin_outputFunc__C)
                  0000e460    00000004     empty_pem4f.oem4f (.const:xdc_runtime_System_Module__gateObj__C)
                  0000e464    00000004     empty_pem4f.oem4f (.const:xdc_runtime_System_abortFxn__C)
                  0000e468    00000004     empty_pem4f.oem4f (.const:xdc_runtime_System_exitFxn__C)
                  0000e46c    00000004     empty_pem4f.oem4f (.const:xdc_runtime_System_extendFxn__C)
                  0000e470    00000004     empty_pem4f.oem4f (.const:xdc_runtime_System_maxAtexitHandlers__C)
                  0000e474    00000004     empty_pem4f.oem4f (.const:xdc_runtime_Text_charTab__C)
                  0000e478    00000004     empty_pem4f.oem4f (.const:xdc_runtime_Text_nameEmpty__C)
                  0000e47c    00000004     empty_pem4f.oem4f (.const:xdc_runtime_Text_nameStatic__C)
                  0000e480    00000004     empty_pem4f.oem4f (.const:xdc_runtime_Text_nameUnknown__C)
                  0000e484    00000004     empty_pem4f.oem4f (.const:xdc_runtime_Text_nodeTab__C)
                  0000e488    00000004     empty_pem4f.oem4f (.const:xdc_runtime_Text_visitRopeFxn__C)
                  0000e48c    00000002     empty_pem4f.oem4f (.const:ti_sysbios_gates_GateMutex_Module__id__C)
                  0000e48e    00000002     empty_pem4f.oem4f (.const:ti_sysbios_hal_Hwi_Module__id__C)
                  0000e490    00000002     empty_pem4f.oem4f (.const:ti_sysbios_heaps_HeapMem_Module__id__C)
                  0000e492    00000002     empty_pem4f.oem4f (.const:ti_sysbios_knl_Clock_Module__id__C)
                  0000e494    00000002     empty_pem4f.oem4f (.const:ti_sysbios_knl_Semaphore_Module__id__C)
                  0000e496    00000002     empty_pem4f.oem4f (.const:ti_sysbios_knl_Task_Module__id__C)
                  0000e498    00000002     empty_pem4f.oem4f (.const:xdc_runtime_Core_Module__id__C)
                  0000e49a    00000002     empty_pem4f.oem4f (.const:xdc_runtime_Error_Module__loggerDefined__C)
                  0000e49c    00000002     empty_pem4f.oem4f (.const:xdc_runtime_Error_maxDepth__C)
                  0000e49e    00000002     empty_pem4f.oem4f (.const:xdc_runtime_Memory_Module__id__C)
                  0000e4a0    00000002     empty_pem4f.oem4f (.const:xdc_runtime_SysMin_flushAtExit__C)
                  0000e4a2    00000002     empty_pem4f.oem4f (.const:xdc_runtime_Text_charCnt__C)
                  0000e4a4    00000002     empty_pem4f.oem4f (.const:xdc_runtime_Text_isLoaded__C)
                  0000e4a6    00000002     empty_pem4f.oem4f (.const:xdc_runtime_Text_registryModsLastId__C)
                  0000e4a8    00000002     empty_pem4f.oem4f (.const:xdc_runtime_Text_unnamedModsLastId__C)

.cinit     0    0000e4b0    00000268     
                  0000e4b0    00000230     (.cinit..data.load) [load image, compression = lzss]
                  0000e6e0    0000000c     (__TI_handler_table)
                  0000e6ec    00000004     --HOLE-- [fill = 0]
                  0000e6f0    00000008     (.cinit..bss.load) [load image, compression = zero_init]
                  0000e6f8    00000008     (.cinit..vecs.load) [load image, compression = zero_init]
                  0000e700    00000018     (__TI_cinit_table)

.init_array 
*          0    00000000    00000000     UNINITIALIZED

.resetVecs 
*          0    00000000    0000003c     
                  00000000    0000003c     empty_pem4f.oem4f (.resetVecs)

.vecs      0    20000000    00000360     UNINITIALIZED
                  20000000    00000360     empty_pem4f.oem4f (.vecs)

.bss       0    20000360    000011bc     UNINITIALIZED
                  20000360    00000600     empty_pem4f.oem4f (.bss:taskStackSection)
                  20000960    00000400     (.common:ti_sysbios_heaps_HeapMem_Instance_State_0_buf__A)
                  20000d60    00000360     (.common:ti_sysbios_family_arm_m3_Hwi_dispatchTable)
                  200010c0    00000120     rtsv7M4_T_le_v4SPD16_eabi.lib : trgmsg.obj (.bss:_CIOBUF_)
                  200011e0    000000cc     (.common:uartTivaObjects)
                  200012ac    00000090     drivers_tivaware.aem4f : GPIOTiva.oem4f (.bss:gpioCallbackInfo)
                  2000133c    00000080     (.common:xdc_runtime_SysMin_Module_State_0_outbuf__A)
                  200013bc    00000068     (.common:buffer)
                  20001424    00000068     (.common:whitespace)
                  2000148c    0000002c     (.common:g_sContext)
                  200014b8    00000020     (.common:g_pui8Dictionary)
                  200014d8    00000020     (.common:uartTivaRingBuffer)
                  200014f8    0000000c     rtsv7M4_T_le_v4SPD16_eabi.lib : _tvaltostr.obj (.bss:tstr_out)
                  20001504    00000008     (.common:parmbuf)
                  2000150c    00000004     (.common:g_psGrLibDefaults)
                  20001510    00000004     (.common:gpioInterruptVectors)
                  20001514    00000004     (.common:sem)
                  20001518    00000004     (.common:uart)

.data      0    2000151c    000004fe     UNINITIALIZED
                  2000151c    000000e4     empty_pem4f.oem4f (.data:ti_sysbios_knl_Task_Object__table__V)
                  20001600    00000080     empty_pem4f.oem4f (.data:ti_sysbios_knl_Swi_Module_State_0_readyQ__A)
                  20001680    00000080     empty_pem4f.oem4f (.data:ti_sysbios_knl_Task_Module_State_0_readyQ__A)
                  20001700    00000044     empty_pem4f.oem4f (.data:ti_sysbios_knl_Task_Module__state__V)
                  20001744    00000040     empty_pem4f.oem4f (.data:ti_sysbios_family_arm_lm4_Timer_Module_State_0_device__A)
                  20001784    00000040     empty_pem4f.oem4f (.data:ti_sysbios_family_arm_lm4_Timer_Object__table__V)
                  200017c4    00000038     empty_pem4f.oem4f (.data:ti_sysbios_gates_GateMutex_Object__table__V)
                  200017fc    00000034     empty_pem4f.oem4f (.data:ti_sysbios_family_arm_m3_Hwi_Module__state__V)
                  20001830    00000030     empty_pem4f.oem4f (.data:ti_sysbios_knl_Swi_Object__table__V)
                  20001860    0000002c     empty_pem4f.oem4f (.data:ti_sysbios_knl_Clock_Module__state__V)
                  2000188c    00000024     empty_pem4f.oem4f (.data:ti_sysbios_BIOS_Module__state__V)
                  200018b0    00000020     empty_pem4f.oem4f (.data:ti_sysbios_family_arm_lm4_Timer_Module_State_0_handles__A)
                  200018d0    00000020     empty_pem4f.oem4f (.data:ti_sysbios_knl_Clock_Object__table__V)
                  200018f0    0000001c     empty_pem4f.oem4f (.data:ti_sysbios_knl_Swi_Module__state__V)
                  2000190c    00000018     DK_TM4C129X.obj (.data:gpioPinConfigs)
                  20001924    00000018     empty_pem4f.oem4f (.data:ti_sysbios_family_arm_m3_Hwi_Object__table__V)
                  2000193c    00000018     empty_pem4f.oem4f (.data:ti_sysbios_heaps_HeapMem_Object__table__V)
                  20001954    00000010     rtsv7M4_T_le_v4SPD16_eabi.lib : tmzone.obj (.data:_tz)
                  20001964    0000000c                                   : exit.obj (.data:$O1$$)
                  20001970    0000000c     DK_TM4C129X.obj (.data:gpioCallbackFunctions)
                  2000197c    0000000c     empty_pem4f.oem4f (.data:ti_sysbios_family_arm_lm4_Timer_Module__state__V)
                  20001988    0000000c     empty_pem4f.oem4f (.data:xdc_runtime_SysMin_Module__state__V)
                  20001994    00000008     rtsv7M4_T_le_v4SPD16_eabi.lib : _lock.obj (.data:$O1$$)
                  2000199c    00000008     empty_pem4f.oem4f (.data:ti_sysbios_family_arm_m3_Hwi_Module__root__V)
                  200019a4    00000008     empty_pem4f.oem4f (.data:ti_sysbios_gates_GateHwi_Module__root__V)
                  200019ac    00000008     empty_pem4f.oem4f (.data:ti_sysbios_gates_GateMutex_Module__root__V)
                  200019b4    00000008     empty_pem4f.oem4f (.data:ti_sysbios_heaps_HeapMem_Module__root__V)
                  200019bc    00000008     empty_pem4f.oem4f (.data:ti_sysbios_knl_Clock_Module__root__V)
                  200019c4    00000008     empty_pem4f.oem4f (.data:ti_sysbios_knl_Queue_Module__root__V)
                  200019cc    00000008     empty_pem4f.oem4f (.data:ti_sysbios_knl_Semaphore_Module__root__V)
                  200019d4    00000008     empty_pem4f.oem4f (.data:xdc_runtime_Registry_Module__state__V)
                  200019dc    00000008     empty_pem4f.oem4f (.data:xdc_runtime_Startup_Module__state__V)
                  200019e4    00000008     empty_pem4f.oem4f (.data:xdc_runtime_System_Module_State_0_atexitHandlers__A)
                  200019ec    00000008     empty_pem4f.oem4f (.data:xdc_runtime_System_Module__state__V)
                  200019f4    00000005     drivers_tivaware.aem4f : GPIOTiva.oem4f (.data)
                  200019f9    00000001     --HOLE--
                  200019fa    00000002     empty_pem4f.oem4f (.data:ti_sysbios_family_arm_m3_Hwi_Module_State_0_excActive__A)
                  200019fc    00000004     drivers_tivaware.aem4f : UART.oem4f (.data)
                  20001a00    00000004     rtsv7M4_T_le_v4SPD16_eabi.lib : stkdepth_vars.obj (.data)
                  20001a04    00000004     empty_pem4f.oem4f (.data:ti_sysbios_family_arm_m3_Hwi_Module_State_0_excContext__A)
                  20001a08    00000004     empty_pem4f.oem4f (.data:ti_sysbios_family_arm_m3_Hwi_Module_State_0_excStack__A)
                  20001a0c    00000004     empty_pem4f.oem4f (.data:ti_sysbios_gates_GateHwi_Object__table__V)
                  20001a10    00000004     empty_pem4f.oem4f (.data:ti_sysbios_knl_Task_Module_State_0_idleTask__A)
                  20001a14    00000004     empty_pem4f.oem4f (.data:xdc_runtime_Memory_Module__state__V)
                  20001a18    00000002     empty_pem4f.oem4f (.data:xdc_runtime_Error_Module__state__V)

.stack     0    20001a1c    00000300     UNINITIALIZED
                  20001a1c    00000300     --HOLE--

.bootVecs 
*          0    00000000    00000008     DSECT
                  00000000    00000008     boot.aem4f : boot.oem4f (.bootVecs)

xdc.meta   0    00000000    000000c9     COPY SECTION
                  00000000    000000c9     empty_pem4f.oem4f (xdc.meta)

MODULE SUMMARY

       Module                         code    ro data   rw data
       ------                         ----    -------   -------
    .\
       empty.obj                      725     0         260    
       DK_TM4C129X.obj                236     68        272    
    +--+------------------------------+-------+---------+---------+
       Total:                         961     68        532    
                                                               
    .\drivers\
       frame.obj                      632     12507     0      
       kentec320x240x16_ssd2119.obj   1740    40        0      
       pinout.obj                     900     0         0      
    +--+------------------------------+-------+---------+---------+
       Total:                         3272    12547     0      
                                                               
    H:\456\labs\lab5\Debug\configPkg\package\cfg\
       empty_pem4f.oem4f              1830    7667      5608   
    +--+------------------------------+-------+---------+---------+
       Total:                         1830    7667      5608   
                                                               
    C:/ti/tirtos_tivac_2_16_00_08/products/TivaWare_C_Series-2.1.1.71b/driverlib/ccs/Debug/driverlib.lib
       sysctl.obj                     674     452       0      
       gpio.obj                       734     144       0      
       hibernate.obj                  456     0         0      
       uart.obj                       226     0         0      
       lcd.obj                        124     0         0      
    +--+------------------------------+-------+---------+---------+
       Total:                         2214    596       0      
                                                               
    C:/ti/tirtos_tivac_2_16_00_08/products/TivaWare_C_Series-2.1.1.71b/grlib/ccs/Debug/grlib.lib
       fontcmss18b.obj                0       2122      0      
       image.obj                      1634    0         32     
       string.obj                     1342    0         0      
       context.obj                    202     16        4      
       charmap.obj                    8       0         0      
    +--+------------------------------+-------+---------+---------+
       Total:                         3186    2138      36     
                                                               
    C:/ti/tirtos_tivac_2_16_00_08/products/tidrivers_tivac_2_16_00_08/packages/ti/drivers/lib/drivers_tivaware.aem4f
       UARTTiva.oem4f                 2262    116       0      
       GPIOTiva.oem4f                 684     156       153    
       UART.oem4f                     148     36        4      
       RingBuf.oem4f                  164     0         0      
    +--+------------------------------+-------+---------+---------+
       Total:                         3258    308       157    
                                                               
    C:\ti\ccsv7\tools\compiler\ti-cgt-arm_16.9.7.LTS\lib\rtsv7M4_T_le_v4SPD16_eabi.lib
       strftime.obj                   832     250       0      
       ull_div_t2.obj                 500     0         0      
       trgmsg.obj                     104     0         288    
       memcpy_t2.obj                  156     0         0      
       memset_t2.obj                  122     0         0      
       copy_decompress_lzss.obj       104     0         0      
       exit.obj                       84      0         12     
       i_divt2.obj                    94      0         0      
       _tvaltostr.obj                 80      0         12     
       hostwrite.obj                  88      0         0      
       cpy_tbl.obj                    76      0         0      
       u_divt2.obj                    64      0         0      
       strncpy.obj                    54      0         0      
       strcat.obj                     30      0         0      
       _lock.obj                      20      0         8      
       args_main.obj                  24      0         0      
       strcpy.obj                     20      0         0      
       strlen.obj                     20      0         0      
       tmzone.obj                     0       0         16     
       copy_decompress_none.obj       14      0         0      
       copy_zero_init.obj             12      0         0      
       hostopen.obj                   0       0         8      
       stkdepth_vars.obj              0       0         4      
       i_div0.obj                     2       0         0      
    +--+------------------------------+-------+---------+---------+
       Total:                         2500    250       348    
                                                               
    C:\ti\tirtos_tivac_2_16_00_08\products\bios_6_45_01_29\packages\ti\catalog\arm\cortexm4\tiva\ce\lib\Boot.aem4f
       Boot_sysctl.oem4f              628     452       0      
       Boot.oem4f                     152     0         0      
    +--+------------------------------+-------+---------+---------+
       Total:                         780     452       0      
                                                               
    C:\ti\tirtos_tivac_2_16_00_08\products\bios_6_45_01_29\packages\ti\targets\arm\rtsarm\lib\auto_init.aem4f
       auto_init.oem4f                160     0         0      
    +--+------------------------------+-------+---------+---------+
       Total:                         160     0         0      
                                                               
    C:\ti\tirtos_tivac_2_16_00_08\products\bios_6_45_01_29\packages\ti\targets\arm\rtsarm\lib\boot.aem4f
       boot.oem4f                     88      0         0      
    +--+------------------------------+-------+---------+---------+
       Total:                         88      0         0      
                                                               
    C:\ti\tirtos_tivac_2_16_00_08\products\bios_6_45_01_29\packages\ti\targets\arm\rtsarm\lib\ti.targets.arm.rtsarm.aem4f
       System.oem4f                   1255    0         0      
       Text.oem4f                     672     0         0      
       Error.oem4f                    524     0         0      
       Core-mem.oem4f                 358     0         0      
       Startup.oem4f                  328     0         0      
       SysMin.oem4f                   248     0         0      
       Core-smem.oem4f                204     0         0      
       Memory.oem4f                   176     0         0      
       Assert.oem4f                   84      0         0      
       Core-params.oem4f              70      0         0      
       Core-label.oem4f               52      0         0      
       Registry.oem4f                 32      0         0      
       Gate.oem4f                     28      0         0      
    +--+------------------------------+-------+---------+---------+
       Total:                         4031    0         0      
                                                               
    H:\456\labs\lab5\src\sysbios\sysbios.aem4f
       BIOS.obj                       11442   0         0      
       m3_Hwi_asm.obj                 314     0         0      
       m3_TaskSupport_asm.obj         180     0         0      
[...]
00008681  updateTime                                                           
00008691  GrContextFontSet                                                     
00008697  SysCtlDelay                                                          
0000869d  UARTFIFOLevelSet                                                     
000086a3  UARTRxErrorClear                                                     
000086a9  ti_sysbios_family_arm_m3_Hwi_doTaskRestore__I                        
000086b1  ti_sysbios_family_arm_m3_Hwi_restoreFxn__E                           
000086b1  ti_sysbios_hal_Hwi_HwiProxy_restore__E                               
000086b9  ti_sysbios_gates_GateHwi_leave__E                                    
000086c1  ti_sysbios_heaps_HeapMem_isBlocking__E                               
000086c9  ti_sysbios_knl_Clock_stop__E                                         
000086d1  ti_sysbios_knl_Queue_Instance_init__E                                
000086d9  ti_sysbios_knl_Swi_startup__E                                        
000086df  xdc_runtime_System_Module_startup__E                                 
000086e9  ti_sysbios_gates_GateHwi_query__E                                    
000086e9  xdc_runtime_Main_Module_GateProxy_query__E                           
000086e9  xdc_runtime_System_Module_GateProxy_query__E                         
000086f1  ti_sysbios_BIOS_RtsGateProxy_query__E                                
000086f1  ti_sysbios_gates_GateMutex_query__E                                  
000086f1  ti_sysbios_heaps_HeapMem_Module_GateProxy_query__E                   
000086f9  ti_sysbios_knl_Task_startup__E                                       
00008701  ti_sysbios_gates_GateHwi_Instance_init__E                            
00008709  ti_sysbios_knl_Clock_logTick__E                                      
0000a152  xdc_runtime_Text_charTab__A                                          
0000d649  xdc_runtime_Error_policy__C                                          
0000d64a  ti_catalog_arm_cortexm4_tiva_ce_Boot_Module__id__C                   
0000d95c  g_sFontCmss18b                                                       
0000dae8  xdc_runtime_Text_nodeTab__A                                          
0000dc52  ti_sysbios_family_arm_m3_Hwi_Module__id__C                           
0000df98  ti_sysbios_family_arm_m3_Hwi_Object__PARAMS__C                       
0000dfc8  UARTTiva_fxnTable                                                    
0000dff0  g_sKentec320x240x16_SSD2119                                          
0000e018  ti_sysbios_heaps_HeapMem_Module__FXNS__C                             
0000e040  UART_defaultParams                                                   
0000e064  ti_sysbios_gates_GateHwi_Module__FXNS__C                             
0000e088  ti_sysbios_gates_GateMutex_Module__FXNS__C                           
0000e0ac  ti_sysbios_heaps_HeapMem_Object__PARAMS__C                           
0000e0d0  ti_sysbios_knl_Clock_Object__PARAMS__C                               
0000e0f4  ti_sysbios_knl_Semaphore_Object__PARAMS__C                           
0000e118  ti_sysbios_family_arm_m3_Hwi_Object__DESC__C                         
0000e138  ti_sysbios_gates_GateHwi_Object__DESC__C                             
0000e158  ti_sysbios_gates_GateMutex_Object__DESC__C                           
0000e178  ti_sysbios_heaps_HeapMem_Object__DESC__C                             
0000e198  ti_sysbios_knl_Clock_Object__DESC__C                                 
0000e1b8  ti_sysbios_knl_Queue_Object__DESC__C                                 
0000e1d8  ti_sysbios_knl_Semaphore_Object__DESC__C                             
0000e1f8  xdc_runtime_Startup_sfxnTab__A                                       
0000e218  UART_config                                                          
0000e230  ti_sysbios_gates_GateHwi_Object__PARAMS__C                           
0000e248  ti_sysbios_gates_GateMutex_Object__PARAMS__C                         
0000e260  ti_sysbios_knl_Queue_Object__PARAMS__C                               
0000e278  uartTivaHWAttrs                                                      
0000e290  GPIOTiva_config                                                      
0000e2a4  xdc_runtime_Startup_firstFxns__A                                     
0000e2b8  g_psDefaultCodePointMapTable                                         
0000e2c8  xdc_runtime_Startup_sfxnRts__A                                       
0000e2e8  ti_sysbios_family_arm_m3_Hwi_excHookFuncs__A                         
0000e2f0  ti_sysbios_knl_Idle_funcList__C                                      
0000e2f8  xdc_runtime_Startup_firstFxns__C                                     
0000e300  xdc_runtime_Startup_lastFxns__C                                      
0000e308  ti_catalog_arm_cortexm4_tiva_ce_Boot_A_mustNotUseEnhancedClockMode__C
0000e30c  ti_catalog_arm_cortexm4_tiva_ce_Boot_Module__diagsEnabled__C         
0000e310  ti_catalog_arm_cortexm4_tiva_ce_Boot_Module__diagsIncluded__C        
0000e314  ti_catalog_arm_cortexm4_tiva_ce_Boot_Module__diagsMask__C            
0000e318  ti_sysbios_family_arm_lm4_Timer_enableFunc__C                        
0000e31c  ti_sysbios_family_arm_lm4_Timer_numTimerDevices__C                   
0000e320  ti_sysbios_family_arm_lm4_Timer_startupNeeded__C                     
0000e324  ti_sysbios_family_arm_m3_Hwi_E_NMI__C                                
0000e328  ti_sysbios_family_arm_m3_Hwi_E_alreadyDefined__C                     
0000e32c  ti_sysbios_family_arm_m3_Hwi_E_busFault__C                           
0000e330  ti_sysbios_family_arm_m3_Hwi_E_debugMon__C                           
0000e334  ti_sysbios_family_arm_m3_Hwi_E_hardFault__C                          
0000e338  ti_sysbios_family_arm_m3_Hwi_E_memFault__C                           
0000e33c  ti_sysbios_family_arm_m3_Hwi_E_noIsr__C                              
0000e340  ti_sysbios_family_arm_m3_Hwi_E_reserved__C                           
0000e344  ti_sysbios_family_arm_m3_Hwi_E_svCall__C                             
0000e348  ti_sysbios_family_arm_m3_Hwi_E_usageFault__C                         
0000e34c  ti_sysbios_family_arm_m3_Hwi_NUM_INTERRUPTS__C                       
0000e350  ti_sysbios_family_arm_m3_Hwi_Object__count__C                        
0000e354  ti_sysbios_family_arm_m3_Hwi_ccr__C                                  
0000e358  ti_sysbios_family_arm_m3_Hwi_excHandlerFunc__C                       
0000e35c  ti_sysbios_family_arm_m3_Hwi_excHookFuncs__C                         
0000e360  ti_sysbios_family_arm_m3_Hwi_nullIsrFunc__C                          
0000e364  ti_sysbios_family_arm_m3_Hwi_priGroup__C                             
0000e368  ti_sysbios_gates_GateMutex_A_badContext__C                           
0000e36c  ti_sysbios_gates_GateMutex_Instance_State_sem__O                     
0000e370  ti_sysbios_gates_GateMutex_Module__diagsEnabled__C                   
0000e374  ti_sysbios_gates_GateMutex_Module__diagsIncluded__C                  
0000e378  ti_sysbios_gates_GateMutex_Module__diagsMask__C                      
0000e37c  ti_sysbios_hal_Hwi_E_stackOverflow__C                                
0000e380  ti_sysbios_heaps_HeapMem_A_align__C                                  
0000e384  ti_sysbios_heaps_HeapMem_A_heapSize__C                               
0000e388  ti_sysbios_heaps_HeapMem_A_invalidFree__C                            
0000e38c  ti_sysbios_heaps_HeapMem_A_zeroBlock__C                              
0000e390  ti_sysbios_heaps_HeapMem_E_memory__C                                 
0000e394  ti_sysbios_heaps_HeapMem_Module__diagsEnabled__C                     
0000e398  ti_sysbios_heaps_HeapMem_Module__diagsIncluded__C                    
0000e39c  ti_sysbios_heaps_HeapMem_Module__diagsMask__C                        
0000e3a0  ti_sysbios_heaps_HeapMem_Module__gateObj__C                          
0000e3a4  ti_sysbios_heaps_HeapMem_Object__count__C                            
0000e3a8  ti_sysbios_heaps_HeapMem_reqAlign__C                                 
0000e3ac  ti_sysbios_knl_Clock_A_badThreadType__C                              
0000e3b0  ti_sysbios_knl_Clock_Module_State_clockQ__O                          
0000e3b4  ti_sysbios_knl_Clock_Module__diagsEnabled__C                         
0000e3b8  ti_sysbios_knl_Clock_Module__diagsIncluded__C                        
0000e3bc  ti_sysbios_knl_Clock_Module__diagsMask__C                            
0000e3c0  ti_sysbios_knl_Idle_funcList__A                                      
0000e3c4  ti_sysbios_knl_Semaphore_A_badContext__C                             
0000e3c8  ti_sysbios_knl_Semaphore_A_noEvents__C                               
0000e3cc  ti_sysbios_knl_Semaphore_A_overflow__C                               
0000e3d0  ti_sysbios_knl_Semaphore_A_pendTaskDisabled__C                       
0000e3d4  ti_sysbios_knl_Semaphore_Instance_State_pendQ__O                     
0000e3d8  ti_sysbios_knl_Semaphore_Module__diagsEnabled__C                     
0000e3dc  ti_sysbios_knl_Semaphore_Module__diagsIncluded__C                    
0000e3e0  ti_sysbios_knl_Semaphore_Module__diagsMask__C                        
0000e3e4  ti_sysbios_knl_Swi_Object__count__C                                  
0000e3e8  ti_sysbios_knl_Task_E_spOutOfBounds__C                               
0000e3ec  ti_sysbios_knl_Task_E_stackOverflow__C                               
0000e3f0  ti_sysbios_knl_Task_Module_State_inactiveQ__O                        
0000e3f4  ti_sysbios_knl_Task_Object__count__C                                 
0000e3f8  ti_sysbios_knl_Task_allBlockedFunc__C                                
0000e3fc  ti_sysbios_knl_Task_numConstructedTasks__C                           
0000e400  xdc_runtime_Assert_E_assertFailed__C                                 
0000e404  xdc_runtime_Core_A_initializedParams__C                              
0000e408  xdc_runtime_Core_Module__diagsEnabled__C                             
0000e40c  xdc_runtime_Core_Module__diagsIncluded__C                            
0000e410  xdc_runtime_Core_Module__diagsMask__C                                
0000e414  xdc_runtime_Error_E_memory__C                                        
0000e418  xdc_runtime_Error_Module__diagsEnabled__C                            
0000e41c  xdc_runtime_Error_Module__diagsIncluded__C                           
0000e420  xdc_runtime_Error_Module__diagsMask__C                               
0000e424  xdc_runtime_Error_Module__loggerFxn8__C                              
0000e428  xdc_runtime_Error_Module__loggerObj__C                               
0000e42c  xdc_runtime_Error_policyFxn__C                                       
0000e430  xdc_runtime_Error_raiseHook__C                                       
0000e434  xdc_runtime_IGateProvider_Interface__BASE__C                         
0000e438  xdc_runtime_IHeap_Interface__BASE__C                                 
0000e43c  xdc_runtime_IModule_Interface__BASE__C                               
0000e440  xdc_runtime_Log_L_error__C                                           
0000e444  xdc_runtime_Memory_defaultHeapInstance__C                            
0000e448  xdc_runtime_Startup_execImpl__C                                      
0000e44c  xdc_runtime_Startup_maxPasses__C                                     
0000e450  xdc_runtime_Startup_sfxnRts__C                                       
0000e454  xdc_runtime_Startup_sfxnTab__C                                       
0000e458  xdc_runtime_SysMin_bufSize__C                                        
0000e45c  xdc_runtime_SysMin_outputFunc__C                                     
0000e460  xdc_runtime_System_Module__gateObj__C                                
0000e464  xdc_runtime_System_abortFxn__C                                       
0000e468  xdc_runtime_System_exitFxn__C                                        
0000e46c  xdc_runtime_System_extendFxn__C                                      
0000e470  xdc_runtime_System_maxAtexitHandlers__C                              
0000e474  xdc_runtime_Text_charTab__C                                          
0000e478  xdc_runtime_Text_nameEmpty__C                                        
0000e47c  xdc_runtime_Text_nameStatic__C                                       
0000e480  xdc_runtime_Text_nameUnknown__C                                      
0000e484  xdc_runtime_Text_nodeTab__C                                          
0000e488  xdc_runtime_Text_visitRopeFxn__C                                     
0000e48c  ti_sysbios_gates_GateMutex_Module__id__C                             
0000e48e  ti_sysbios_hal_Hwi_Module__id__C                                     
0000e490  ti_sysbios_heaps_HeapMem_Module__id__C                               
0000e492  ti_sysbios_knl_Clock_Module__id__C                                   
0000e494  ti_sysbios_knl_Semaphore_Module__id__C                               
0000e496  ti_sysbios_knl_Task_Module__id__C                                    
0000e498  xdc_runtime_Core_Module__id__C                                       
0000e49a  xdc_runtime_Error_Module__loggerDefined__C                           
0000e49c  xdc_runtime_Error_maxDepth__C                                        
0000e49e  xdc_runtime_Memory_Module__id__C                                     
0000e4a0  xdc_runtime_SysMin_flushAtExit__C                                    
0000e4a2  xdc_runtime_Text_charCnt__C                                          
0000e4a4  xdc_runtime_Text_isLoaded__C                                         
0000e4a6  xdc_runtime_Text_registryModsLastId__C                               
0000e4a8  xdc_runtime_Text_unnamedModsLastId__C                                
0000e4b0  __TI_static_base__                                                   
0000e6e0  __TI_Handler_Table_Base                                              
0000e6ec  __TI_Handler_Table_Limit                                             
0000e700  __TI_CINIT_Base                                                      
0000e718  __TI_CINIT_Limit                                                     
20000000  ti_sysbios_family_arm_m3_Hwi_ramVectors                              
20000360  ti_sysbios_knl_Task_Instance_State_0_stack__A                        
20000560  ti_sysbios_knl_Task_Instance_State_1_stack__A                        
20000760  ti_sysbios_knl_Task_Instance_State_2_stack__A                        
20000960  ti_sysbios_heaps_HeapMem_Instance_State_0_buf__A                     
20000d60  ti_sysbios_family_arm_m3_Hwi_dispatchTable                           
200010c0  __CIOBUF_                                                            
200011e0  uartTivaObjects                                                      
2000133c  xdc_runtime_SysMin_Module_State_0_outbuf__A                          
200013bc  buffer                                                               
20001424  whitespace                                                           
2000148c  g_sContext                                                           
200014d8  uartTivaRingBuffer                                                   
20001504  parmbuf                                                              
20001514  sem                                                                  
20001518  uart                                                                 
2000151c  ti_sysbios_knl_Task_Object__table__V                                 
20001600  ti_sysbios_knl_Swi_Module_State_0_readyQ__A                          
20001680  ti_sysbios_knl_Task_Module_State_0_readyQ__A                         
20001700  ti_sysbios_knl_Task_Module__state__V                                 
20001744  ti_sysbios_family_arm_lm4_Timer_Module_State_0_device__A             
20001784  ti_sysbios_family_arm_lm4_Timer_Object__table__V                     
200017c4  ti_sysbios_gates_GateMutex_Object__table__V                          
200017fc  ti_sysbios_family_arm_m3_Hwi_Module__state__V                        
20001830  ti_sysbios_knl_Swi_Object__table__V                                  
20001860  ti_sysbios_knl_Clock_Module__state__V                                
2000188c  ti_sysbios_BIOS_Module__state__V                                     
200018b0  ti_sysbios_family_arm_lm4_Timer_Module_State_0_handles__A            
200018d0  ti_sysbios_knl_Clock_Object__table__V                                
200018f0  ti_sysbios_knl_Swi_Module__state__V                                  
2000190c  gpioPinConfigs                                                       
20001924  ti_sysbios_family_arm_m3_Hwi_Object__table__V                        
2000193c  ti_sysbios_heaps_HeapMem_Object__table__V                            
20001954  _tz                                                                  
20001964  __TI_cleanup_ptr                                                     
20001968  __TI_dtors_ptr                                                       
2000196c  __TI_enable_exit_profile_output                                      
20001970  gpioCallbackFunctions                                                
2000197c  ti_sysbios_family_arm_lm4_Timer_Module__state__V                     
20001988  xdc_runtime_SysMin_Module__state__V                                  
20001994  _lock                                                                
20001998  _unlock                                                              
2000199c  ti_sysbios_family_arm_m3_Hwi_Module__root__V                         
200019a4  ti_sysbios_gates_GateHwi_Module__root__V                             
200019ac  ti_sysbios_gates_GateMutex_Module__root__V                           
200019b4  ti_sysbios_heaps_HeapMem_Module__root__V                             
200019bc  ti_sysbios_knl_Clock_Module__root__V                                 
200019c4  ti_sysbios_knl_Queue_Module__root__V                                 
200019cc  ti_sysbios_knl_Semaphore_Module__root__V                             
200019d4  xdc_runtime_Registry_Module__state__V                                
200019dc  xdc_runtime_Startup_Module__state__V                                 
200019e4  xdc_runtime_System_Module_State_0_atexitHandlers__A                  
200019ec  xdc_runtime_System_Module__state__V                                  
200019fa  ti_sysbios_family_arm_m3_Hwi_Module_State_0_excActive__A             
20001a00  main_func_sp                                                         
20001a04  ti_sysbios_family_arm_m3_Hwi_Module_State_0_excContext__A            
20001a08  ti_sysbios_family_arm_m3_Hwi_Module_State_0_excStack__A              
20001a0c  ti_sysbios_gates_GateHwi_Object__table__V                            
20001a10  ti_sysbios_knl_Task_Module_State_0_idleTask__A                       
20001a14  xdc_runtime_Memory_Module__state__V                                  
20001a18  xdc_runtime_Error_Module__state__V                                   
20001a1c  __stack                                                              
20001d1c  __STACK_END                                                          
e000e000  ti_sysbios_family_arm_m3_Hwi_nvic                                    
ffffffff  __TI_pprof_out_hndl                                                  
ffffffff  __TI_prof_data_size                                                  
ffffffff  __TI_prof_data_start                                                 
ffffffff  __binit__                                                            
ffffffff  __c_args__                                                           
ffffffff  binit                                                                
UNDEFED   SHT$$INIT_ARRAY$$Base                                                
UNDEFED   SHT$$INIT_ARRAY$$Limit                                               

[652 symbols]
